Component: ARM Compiler 5.05 update 1 (build 106) Tool: armlink [4d0efa]

==============================================================================

Section Cross References

    key.o(.text) refers to stm32f4xx_rcc.o(.text) for RCC_AHB1PeriphClockCmd
    key.o(.text) refers to stm32f4xx_gpio.o(.text) for GPIO_Init
    key.o(.text) refers to delay.o(.text) for delay_ms
    key.o(.text) refers to key.o(.data) for key_up
    main.o(.text) refers to lcd.o(.text) for LCD_Clear
    main.o(.text) refers to ov2640.o(.text) for OV2640_ImageWin_Set
    main.o(.text) refers to dcmi.o(.text) for My_DCMI_Init
    main.o(.text) refers to key.o(.text) for KEY_Scan
    main.o(.text) refers to delay.o(.text) for delay_ms
    main.o(.text) refers to misc.o(.text) for NVIC_PriorityGroupConfig
    main.o(.text) refers to usart.o(.text) for uart_init
    main.o(.text) refers to usart2.o(.text) for usart2_init
    main.o(.text) refers to led.o(.text) for LED_Init
    main.o(.text) refers to timer.o(.text) for TIM3_Int_Init
    main.o(.text) refers to pwm.o(.text) for TIM14_PWM_Init
    main.o(.text) refers to stm32f4xx_tim.o(.text) for TIM_GetITStatus
    main.o(.text) refers to lcd.o(.data) for POINT_COLOR
    main.o(.text) refers to lcd.o(.bss) for lcddev
    main.o(.text) refers to usmart_config.o(.data) for usmart_dev
    main.o(.text) refers to main.o(.bss) for rgb_buf
    main.o(.text) refers to main.o(.data) for hang
    system_stm32f4xx.o(.text) refers to system_stm32f4xx.o(.data) for SystemCoreClock
    led.o(.text) refers to stm32f4xx_rcc.o(.text) for RCC_AHB1PeriphClockCmd
    led.o(.text) refers to stm32f4xx_gpio.o(.text) for GPIO_Init
    lcd.o(.text) refers to _printf_percent.o(.ARM.Collect$$_printf_percent$$00000000) for _printf_percent
    lcd.o(.text) refers to _printf_x.o(.ARM.Collect$$_printf_percent$$0000000C) for _printf_x
    lcd.o(.text) refers to _printf_hex_int.o(.text) for _printf_longlong_hex
    lcd.o(.text) refers to delay.o(.text) for delay_us
    lcd.o(.text) refers to lcd.o(.bss) for lcddev
    lcd.o(.text) refers to lcd.o(.data) for POINT_COLOR
    lcd.o(.text) refers to dflt_clz.o(x$fpl$dfltu) for __aeabi_ui2d
    lcd.o(.text) refers to dmul.o(x$fpl$dmul) for __aeabi_dmul
    lcd.o(.text) refers to dfixu.o(x$fpl$dfixu) for __aeabi_d2uiz
    lcd.o(.text) refers to stm32f4xx_rcc.o(.text) for RCC_AHB1PeriphClockCmd
    lcd.o(.text) refers to stm32f4xx_gpio.o(.text) for GPIO_Init
    lcd.o(.text) refers to stm32f4xx_fsmc.o(.text) for FSMC_NORSRAMInit
    lcd.o(.text) refers to noretval__2printf.o(.text) for __2printf
    lcd.o(.text) refers to lcd.o(.constdata) for asc2_1206
    dcmi.o(.text) refers to stm32f4xx_dcmi.o(.text) for DCMI_GetITStatus
    dcmi.o(.text) refers to stm32f4xx_rcc.o(.text) for RCC_AHB1PeriphClockCmd
    dcmi.o(.text) refers to stm32f4xx_dma.o(.text) for DMA_DeInit
    dcmi.o(.text) refers to stm32f4xx_gpio.o(.text) for GPIO_Init
    dcmi.o(.text) refers to misc.o(.text) for NVIC_Init
    dcmi.o(.text) refers to lcd.o(.text) for LCD_Clear
    dcmi.o(.text) refers to ov2640.o(.text) for OV2640_OutSize_Set
    dcmi.o(.text) refers to dcmi.o(.bss) for DCMI_InitStructure
    ov2640.o(.text) refers to _printf_percent.o(.ARM.Collect$$_printf_percent$$00000000) for _printf_percent
    ov2640.o(.text) refers to _printf_d.o(.ARM.Collect$$_printf_percent$$00000009) for _printf_d
    ov2640.o(.text) refers to _printf_dec.o(.text) for _printf_int_dec
    ov2640.o(.text) refers to stm32f4xx_rcc.o(.text) for RCC_AHB1PeriphClockCmd
    ov2640.o(.text) refers to stm32f4xx_gpio.o(.text) for GPIO_Init
    ov2640.o(.text) refers to delay.o(.text) for delay_ms
    ov2640.o(.text) refers to sccb.o(.text) for SCCB_Init
    ov2640.o(.text) refers to noretval__2printf.o(.text) for __2printf
    ov2640.o(.text) refers to ov2640.o(.constdata) for ov2640_svga_init_reg_tbl
    sccb.o(.text) refers to stm32f4xx_rcc.o(.text) for RCC_AHB1PeriphClockCmd
    sccb.o(.text) refers to stm32f4xx_gpio.o(.text) for GPIO_Init
    sccb.o(.text) refers to delay.o(.text) for delay_us
    usart2.o(.text) refers to stm32f4xx_rcc.o(.text) for RCC_AHB1PeriphClockCmd
    usart2.o(.text) refers to stm32f4xx_gpio.o(.text) for GPIO_Init
    usart2.o(.text) refers to stm32f4xx_usart.o(.text) for USART_Init
    timer.o(.text) refers to stm32f4xx_rcc.o(.text) for RCC_APB1PeriphClockCmd
    timer.o(.text) refers to stm32f4xx_tim.o(.text) for TIM_TimeBaseInit
    timer.o(.text) refers to misc.o(.text) for NVIC_Init
    pwm.o(.text) refers to stm32f4xx_rcc.o(.text) for RCC_APB1PeriphClockCmd
    pwm.o(.text) refers to stm32f4xx_gpio.o(.text) for GPIO_PinAFConfig
    pwm.o(.text) refers to stm32f4xx_tim.o(.text) for TIM_TimeBaseInit
    delay.o(.text) refers to misc.o(.text) for SysTick_CLKSourceConfig
    delay.o(.text) refers to delay.o(.data) for fac_us
    usart.o(.rev16_text) refers (Special) to use_no_semi_2.o(.text) for __use_no_semihosting
[...]
    .ARM.Collect$$libshutdown$$0000000F      0x08000268   Section        2  libshutdown2.o(.ARM.Collect$$libshutdown$$0000000F)
    .ARM.Collect$$rtentry$$00000000          0x0800026a   Section        0  __rtentry.o(.ARM.Collect$$rtentry$$00000000)
    .ARM.Collect$$rtentry$$00000002          0x0800026a   Section        0  __rtentry2.o(.ARM.Collect$$rtentry$$00000002)
    .ARM.Collect$$rtentry$$00000004          0x0800026a   Section        6  __rtentry4.o(.ARM.Collect$$rtentry$$00000004)
    .ARM.Collect$$rtentry$$00000009          0x08000270   Section        0  __rtentry2.o(.ARM.Collect$$rtentry$$00000009)
    .ARM.Collect$$rtentry$$0000000A          0x08000270   Section        4  __rtentry2.o(.ARM.Collect$$rtentry$$0000000A)
    .ARM.Collect$$rtentry$$0000000C          0x08000274   Section        0  __rtentry2.o(.ARM.Collect$$rtentry$$0000000C)
    .ARM.Collect$$rtentry$$0000000D          0x08000274   Section        8  __rtentry2.o(.ARM.Collect$$rtentry$$0000000D)
    .ARM.Collect$$rtexit$$00000000           0x0800027c   Section        2  rtexit.o(.ARM.Collect$$rtexit$$00000000)
    .ARM.Collect$$rtexit$$00000002           0x0800027e   Section        0  rtexit2.o(.ARM.Collect$$rtexit$$00000002)
    .ARM.Collect$$rtexit$$00000003           0x0800027e   Section        4  rtexit2.o(.ARM.Collect$$rtexit$$00000003)
    .ARM.Collect$$rtexit$$00000004           0x08000282   Section        6  rtexit2.o(.ARM.Collect$$rtexit$$00000004)
    .text                                    0x08000288   Section        0  key.o(.text)
    .text                                    0x0800038c   Section        0  main.o(.text)
    .text                                    0x080008fc   Section        0  stm32f4xx_it.o(.text)
    .text                                    0x08000918   Section        0  system_stm32f4xx.o(.text)
    SetSysClock                              0x08000919   Thumb Code   220  system_stm32f4xx.o(.text)
    .text                                    0x08000b28   Section        0  led.o(.text)
    .text                                    0x08000b68   Section        0  lcd.o(.text)
    .text                                    0x080057e8   Section        0  dcmi.o(.text)
    .text                                    0x08005a60   Section        0  ov2640.o(.text)
    .text                                    0x08006058   Section        0  sccb.o(.text)
    .text                                    0x080062cc   Section        0  usart2.o(.text)
    .text                                    0x08006350   Section        0  timer.o(.text)
    .text                                    0x080063ac   Section        0  pwm.o(.text)
    .text                                    0x080064e8   Section        0  delay.o(.text)
    .text                                    0x080065ec   Section        0  usart.o(.text)
    .text                                    0x08006734   Section       64  startup_stm32f40_41xxx.o(.text)
    $v0                                      0x08006734   Number         0  startup_stm32f40_41xxx.o(.text)
    .text                                    0x08006774   Section        0  misc.o(.text)
    .text                                    0x08006854   Section        0  stm32f4xx_dcmi.o(.text)
    .text                                    0x080069e0   Section        0  stm32f4xx_gpio.o(.text)
    .text                                    0x08006c74   Section        0  stm32f4xx_fsmc.o(.text)
    .text                                    0x0800723c   Section        0  stm32f4xx_dma.o(.text)
    .text                                    0x080075e4   Section        0  stm32f4xx_rcc.o(.text)
    .text                                    0x08007c40   Section        0  stm32f4xx_usart.o(.text)
    .text                                    0x08008094   Section        0  stm32f4xx_tim.o(.text)
    TI4_Config                               0x08008833   Thumb Code    80  stm32f4xx_tim.o(.text)
    TI3_Config                               0x08008895   Thumb Code    72  stm32f4xx_tim.o(.text)
    TI2_Config                               0x080088f7   Thumb Code    90  stm32f4xx_tim.o(.text)
    TI1_Config                               0x08008963   Thumb Code    58  stm32f4xx_tim.o(.text)
    .text                                    0x08008d38   Section        0  usmart.o(.text)
    .text                                    0x0800996c   Section        0  usmart_str.o(.text)
    .text                                    0x08009e94   Section        2  use_no_semi_2.o(.text)
    .text                                    0x08009e98   Section        0  noretval__2printf.o(.text)
    .text                                    0x08009eb0   Section        0  _printf_pad.o(.text)
    .text                                    0x08009efe   Section        0  _printf_str.o(.text)
    .text                                    0x08009f50   Section        0  _printf_dec.o(.text)
    .text                                    0x08009fc8   Section        0  _printf_hex_int.o(.text)
    .text                                    0x0800a020   Section        0  __printf_flags_ss_wp.o(.text)
    .text                                    0x0800a1a8   Section        0  heapauxi.o(.text)
    .text                                    0x0800a1ae   Section        2  use_no_semi.o(.text)
    .text                                    0x0800a1b0   Section        0  _printf_intcommon.o(.text)
    .text                                    0x0800a262   Section        0  _printf_char.o(.text)
    .text                                    0x0800a290   Section        0  _printf_char_file.o(.text)
    .text                                    0x0800a2b4   Section        0  _printf_char_common.o(.text)
    _printf_input_char                       0x0800a2b5   Thumb Code    10  _printf_char_common.o(.text)
    .text                                    0x0800a2e4   Section        0  ferror.o(.text)
    .text                                    0x0800a2ec   Section       74  sys_stackheap_outer.o(.text)
    .text                                    0x0800a336   Section        0  exit.o(.text)
    .text                                    0x0800a344   Section        8  libspace.o(.text)
    i._is_digit                              0x0800a34c   Section        0  __printf_wp.o(i._is_digit)
    x$fpl$dfixu                              0x0800a35c   Section       90  dfixu.o(x$fpl$dfixu)
    $v0                                      0x0800a35c   Number         0  dfixu.o(x$fpl$dfixu)
    x$fpl$dfltu                              0x0800a3b6   Section       38  dflt_clz.o(x$fpl$dfltu)
    $v0                                      0x0800a3b6   Number         0  dflt_clz.o(x$fpl$dfltu)
    x$fpl$dmul                               0x0800a3dc   Section      340  dmul.o(x$fpl$dmul)
    $v0                                      0x0800a3dc   Number         0  dmul.o(x$fpl$dmul)
    x$fpl$dnaninf                            0x0800a530   Section      156  dnaninf.o(x$fpl$dnaninf)
    $v0                                      0x0800a530   Number         0  dnaninf.o(x$fpl$dnaninf)
    x$fpl$dretinf                            0x0800a5cc   Section       12  dretinf.o(x$fpl$dretinf)
    $v0                                      0x0800a5cc   Number         0  dretinf.o(x$fpl$dretinf)
    x$fpl$fpinit                             0x0800a5d8   Section       10  fpinit.o(x$fpl$fpinit)
    $v0                                      0x0800a5d8   Number         0  fpinit.o(x$fpl$fpinit)
    .constdata                               0x0800a5e2   Section     6080  lcd.o(.constdata)
    x$fpl$usenofp                            0x0800a5e2   Section        0  usenofp.o(x$fpl$usenofp)
    .constdata                               0x0800bda2   Section      896  ov2640.o(.constdata)
    OV2640_AUTOEXPOSURE_LEVEL                0x0800c0fa   Data          40  ov2640.o(.constdata)
    .constdata                               0x0800c124   Section       28  stm32f4xx_fsmc.o(.constdata)
    .constdata                               0x0800c140   Section       40  _printf_hex_int.o(.constdata)
    uc_hextab                                0x0800c140   Data          20  _printf_hex_int.o(.constdata)
    lc_hextab                                0x0800c154   Data          20  _printf_hex_int.o(.constdata)
    .constdata                               0x0800c168   Section       17  __printf_flags_ss_wp.o(.constdata)
    maptable                                 0x0800c168   Data          17  __printf_flags_ss_wp.o(.constdata)
    .conststring                             0x0800c17c   Section       40  usmart.o(.conststring)
    .conststring                             0x0800c1a4   Section      785  usmart_config.o(.conststring)
    .data                                    0x20000000   Section        1  key.o(.data)
    key_up                                   0x20000000   Data           1  key.o(.data)
    .data                                    0x20000004   Section       60  main.o(.data)
    .data                                    0x20000040   Section       20  system_stm32f4xx.o(.data)
    .data                                    0x20000054   Section        4  lcd.o(.data)
    .data                                    0x20000058   Section        4  delay.o(.data)
    fac_us                                   0x20000058   Data           1  delay.o(.data)
    fac_ms                                   0x2000005a   Data           2  delay.o(.data)
    .data                                    0x2000005c   Section        6  usart.o(.data)
    .data                                    0x20000062   Section       16  stm32f4xx_rcc.o(.data)
    APBAHBPrescTable                         0x20000062   Data          16  stm32f4xx_rcc.o(.data)
    .data                                    0x20000074   Section       28  usmart.o(.data)
    .data                                    0x20000090   Section      412  usmart_config.o(.data)
    .bss                                     0x2000022c   Section    50688  main.o(.bss)
    .bss                                     0x2000c82c   Section       14  lcd.o(.bss)
    .bss                                     0x2000c83a   Section       14  dcmi.o(.bss)
    .bss                                     0x2000c848   Section      200  usart.o(.bss)
    .bss                                     0x2000c910   Section       96  libspace.o(.bss)
    HEAP                                     0x2000c970   Section      512  startup_stm32f40_41xxx.o(HEAP)
    Heap_Mem                                 0x2000c970   Data         512  startup_stm32f40_41xxx.o(HEAP)
    STACK                                    0x2000cb70   Section     1024  startup_stm32f40_41xxx.o(STACK)
    Stack_Mem                                0x2000cb70   Data        1024  startup_stm32f40_41xxx.o(STACK)
    __initial_sp                             0x2000cf70   Data           0  startup_stm32f40_41xxx.o(STACK)

    Global Symbols

    Symbol Name                              Value     Ov Type        Size  Object(Section)

    BuildAttributes$$THM_ISAv4$E$P$D$K$B$S$7EM$VFPi3$EXTD16$VFPS$VFMA$PE$A:L22UL41UL21$X:L11$S22US41US21$IEEE1$IW$USESV6$~STKCKD$USESV7$~SHL$OSPACE$ROPI$EBA8$UX$STANDARDLIB$REQ8$PRES8$EABIv2 0x00000000   Number         0  anon$$obj.o ABSOLUTE
    __ARM_use_no_argv                        0x00000000   Number         0  main.o ABSOLUTE
    _printf_flags                            0x00000000   Number         0  printf_stubs.o ABSOLUTE
    _printf_return_value                     0x00000000   Number         0  printf_stubs.o ABSOLUTE
    _printf_sizespec                         0x00000000   Number         0  printf_stubs.o ABSOLUTE
    _printf_widthprec                        0x00000000   Number         0  printf_stubs.o ABSOLUTE
    __ARM_exceptions_init                     - Undefined Weak Reference
    __alloca_initialize                       - Undefined Weak Reference
    __arm_preinit_                            - Undefined Weak Reference
    __cpp_initialize__aeabi_                  - Undefined Weak Reference
    __cxa_finalize                            - Undefined Weak Reference
    __rt_locale                               - Undefined Weak Reference
    __sigvec_lookup                           - Undefined Weak Reference
    _atexit_init                              - Undefined Weak Reference
    _call_atexit_fns                          - Undefined Weak Reference
    _clock_init                               - Undefined Weak Reference
    _fp_trap_init                             - Undefined Weak Reference
    _fp_trap_shutdown                         - Undefined Weak Reference
    _get_lc_collate                           - Undefined Weak Reference
    _get_lc_ctype                             - Undefined Weak Reference
    _get_lc_monetary                          - Undefined Weak Reference
    _get_lc_numeric                           - Undefined Weak Reference
    _get_lc_time                              - Undefined Weak Reference
    _getenv_init                              - Undefined Weak Reference
    _handle_redirection                       - Undefined Weak Reference
    _init_alloc                               - Undefined Weak Reference
    _init_user_alloc                          - Undefined Weak Reference
    _initio                                   - Undefined Weak Reference
    _mutex_acquire                            - Undefined Weak Reference
    _mutex_release                            - Undefined Weak Reference
    _printf_mbtowc                            - Undefined Weak Reference
    _printf_truncate_signed                   - Undefined Weak Reference
    _printf_truncate_unsigned                 - Undefined Weak Reference
    _rand_init                                - Undefined Weak Reference
    _signal_finish                            - Undefined Weak Reference
    _signal_init                              - Undefined Weak Reference
    _terminate_alloc                          - Undefined Weak Reference
    _terminate_user_alloc                     - Undefined Weak Reference
    _terminateio                              - Undefined Weak Reference
    __Vectors_Size                           0x00000188   Number         0  startup_stm32f40_41xxx.o ABSOLUTE
    __Vectors                                0x08000000   Data           4  startup_stm32f40_41xxx.o(RESET)
    __Vectors_End                            0x08000188   Data           0  startup_stm32f40_41xxx.o(RESET)
    __main                                   0x08000189   Thumb Code     8  __main.o(!!!main)
    __scatterload                            0x08000191   Thumb Code     0  __scatter.o(!!!scatter)
    __scatterload_rt2                        0x08000191   Thumb Code    44  __scatter.o(!!!scatter)
    __scatterload_rt2_thumb_only             0x08000191   Thumb Code     0  __scatter.o(!!!scatter)
    __scatterload_null                       0x0800019f   Thumb Code     0  __scatter.o(!!!scatter)
    __decompress                             0x080001c5   Thumb Code    90  __dczerorl2.o(!!dczerorl2)
    __decompress1                            0x080001c5   Thumb Code     0  __dczerorl2.o(!!dczerorl2)
    __scatterload_zeroinit                   0x08000221   Thumb Code    28  __scatter_zi.o(!!handler_zi)
    _printf_d                                0x0800023d   Thumb Code     0  _printf_d.o(.ARM.Collect$$_printf_percent$$00000009)
    _printf_percent                          0x0800023d   Thumb Code     0  _printf_percent.o(.ARM.Collect$$_printf_percent$$00000000)
    _printf_u                                0x08000243   Thumb Code     0  _printf_u.o(.ARM.Collect$$_printf_percent$$0000000A)
    _printf_x                                0x08000249   Thumb Code     0  _printf_x.o(.ARM.Collect$$_printf_percent$$0000000C)
    _printf_c                                0x0800024f   Thumb Code     0  _printf_c.o(.ARM.Collect$$_printf_percent$$00000013)
    _printf_s                                0x08000255   Thumb Code     0  _printf_s.o(.ARM.Collect$$_printf_percent$$00000014)
    _printf_percent_end                      0x0800025b   Thumb Code     0  _printf_percent_end.o(.ARM.Collect$$_printf_percent$$00000017)
    __rt_lib_init                            0x0800025f   Thumb Code     0  libinit.o(.ARM.Collect$$libinit$$00000000)
    __rt_lib_init_fp_1                       0x08000261   Thumb Code     0  libinit2.o(.ARM.Collect$$libinit$$00000001)
    __rt_lib_init_alloca_1                   0x08000265   Thumb Code     0  libinit2.o(.ARM.Collect$$libinit$$0000002E)
    __rt_lib_init_argv_1                     0x08000265   Thumb Code     0  libinit2.o(.ARM.Collect$$libinit$$0000002C)
    __rt_lib_init_atexit_1                   0x08000265   Thumb Code     0  libinit2.o(.ARM.Collect$$libinit$$0000001B)
    __rt_lib_init_clock_1                    0x08000265   Thumb Code     0  libinit2.o(.ARM.Collect$$libinit$$00000021)
    __rt_lib_init_cpp_1                      0x08000265   Thumb Code     0  libinit2.o(.ARM.Collect$$libinit$$00000032)
    __rt_lib_init_exceptions_1               0x08000265   Thumb Code     0  libinit2.o(.ARM.Collect$$libinit$$00000030)
    __rt_lib_init_fp_trap_1                  0x08000265   Thumb Code     0  libinit2.o(.ARM.Collect$$libinit$$0000001F)
    __rt_lib_init_getenv_1                   0x08000265   Thumb Code     0  libinit2.o(.ARM.Collect$$libinit$$00000023)
    __rt_lib_init_heap_1                     0x08000265   Thumb Code     0  libinit2.o(.ARM.Collect$$libinit$$0000000A)
    __rt_lib_init_lc_collate_1               0x08000265   Thumb Code     0  libinit2.o(.ARM.Collect$$libinit$$00000011)
    __rt_lib_init_lc_ctype_1                 0x08000265   Thumb Code     0  libinit2.o(.ARM.Collect$$libinit$$00000013)
    __rt_lib_init_lc_monetary_1              0x08000265   Thumb Code     0  libinit2.o(.ARM.Collect$$libinit$$00000015)
    __rt_lib_init_lc_numeric_1               0x08000265   Thumb Code     0  libinit2.o(.ARM.Collect$$libinit$$00000017)
    __rt_lib_init_lc_time_1                  0x08000265   Thumb Code     0  libinit2.o(.ARM.Collect$$libinit$$00000019)
    __rt_lib_init_preinit_1                  0x08000265   Thumb Code     0  libinit2.o(.ARM.Collect$$libinit$$00000004)
    __rt_lib_init_rand_1                     0x08000265   Thumb Code     0  libinit2.o(.ARM.Collect$$libinit$$0000000E)
    __rt_lib_init_return                     0x08000265   Thumb Code     0  libinit2.o(.ARM.Collect$$libinit$$00000033)
    __rt_lib_init_signal_1                   0x08000265   Thumb Code     0  libinit2.o(.ARM.Collect$$libinit$$0000001D)
    __rt_lib_init_stdio_1                    0x08000265   Thumb Code     0  libinit2.o(.ARM.Collect$$libinit$$00000025)
    __rt_lib_init_user_alloc_1               0x08000265   Thumb Code     0  libinit2.o(.ARM.Collect$$libinit$$0000000C)
    __rt_lib_shutdown                        0x08000267   Thumb Code     0  libshutdown.o(.ARM.Collect$$libshutdown$$00000000)
    __rt_lib_shutdown_fp_trap_1              0x08000269   Thumb Code     0  libshutdown2.o(.ARM.Collect$$libshutdown$$00000006)
    __rt_lib_shutdown_heap_1                 0x08000269   Thumb Code     0  libshutdown2.o(.ARM.Collect$$libshutdown$$0000000E)
    __rt_lib_shutdown_return                 0x08000269   Thumb Code     0  libshutdown2.o(.ARM.Collect$$libshutdown$$0000000F)
    __rt_lib_shutdown_signal_1               0x08000269   Thumb Code     0  libshutdown2.o(.ARM.Collect$$libshutdown$$00000009)
    __rt_lib_shutdown_stdio_1                0x08000269   Thumb Code     0  libshutdown2.o(.ARM.Collect$$libshutdown$$00000003)
    __rt_lib_shutdown_user_alloc_1           0x08000269   Thumb Code     0  libshutdown2.o(.ARM.Collect$$libshutdown$$0000000B)
    __rt_entry                               0x0800026b   Thumb Code     0  __rtentry.o(.ARM.Collect$$rtentry$$00000000)
    __rt_entry_presh_1                       0x0800026b   Thumb Code     0  __rtentry2.o(.ARM.Collect$$rtentry$$00000002)
    __rt_entry_sh                            0x0800026b   Thumb Code     0  __rtentry4.o(.ARM.Collect$$rtentry$$00000004)
    __rt_entry_li                            0x08000271   Thumb Code     0  __rtentry2.o(.ARM.Collect$$rtentry$$0000000A)
    __rt_entry_postsh_1                      0x08000271   Thumb Code     0  __rtentry2.o(.ARM.Collect$$rtentry$$00000009)
    __rt_entry_main                          0x08000275   Thumb Code     0  __rtentry2.o(.ARM.Collect$$rtentry$$0000000D)
    __rt_entry_postli_1                      0x08000275   Thumb Code     0  __rtentry2.o(.ARM.Collect$$rtentry$$0000000C)
    __rt_exit                                0x0800027d   Thumb Code     0  rtexit.o(.ARM.Collect$$rtexit$$00000000)
    __rt_exit_ls                             0x0800027f   Thumb Code     0  rtexit2.o(.ARM.Collect$$rtexit$$00000003)
    __rt_exit_prels_1                        0x0800027f   Thumb Code     0  rtexit2.o(.ARM.Collect$$rtexit$$00000002)
    __rt_exit_exit                           0x08000283   Thumb Code     0  rtexit2.o(.ARM.Collect$$rtexit$$00000004)
    KEY_Init                                 0x08000289   Thumb Code    60  key.o(.text)
    KEY_Scan                                 0x080002c5   Thumb Code   188  key.o(.text)
    rgb565_test                              0x0800038d   Thumb Code   126  main.o(.text)
    main                                     0x0800040b   Thumb Code   650  main.o(.text)
    TIM3_IRQHandler                          0x08000695   Thumb Code   580  main.o(.text)
    NMI_Handler                              0x080008fd   Thumb Code     2  stm32f4xx_it.o(.text)
    HardFault_Handler                        0x080008ff   Thumb Code     4  stm32f4xx_it.o(.text)
    MemManage_Handler                        0x08000903   Thumb Code     4  stm32f4xx_it.o(.text)
    BusFault_Handler                         0x08000907   Thumb Code     4  stm32f4xx_it.o(.text)
    UsageFault_Handler                       0x0800090b   Thumb Code     4  stm32f4xx_it.o(.text)
    SVC_Handler                              0x0800090f   Thumb Code     2  stm32f4xx_it.o(.text)
    DebugMon_Handler                         0x08000911   Thumb Code     2  stm32f4xx_it.o(.text)
    PendSV_Handler                           0x08000913   Thumb Code     2  stm32f4xx_it.o(.text)
    SysTick_Handler                          0x08000915   Thumb Code     2  stm32f4xx_it.o(.text)
    SystemInit                               0x080009f5   Thumb Code    88  system_stm32f4xx.o(.text)
    SystemCoreClockUpdate                    0x08000a4d   Thumb Code   174  system_stm32f4xx.o(.text)
    LED_Init                                 0x08000b29   Thumb Code    60  led.o(.text)
    LCD_WR_REG                               0x08000b69   Thumb Code    18  lcd.o(.text)
    LCD_WR_DATA                              0x08000b7b   Thumb Code    20  lcd.o(.text)
    LCD_RD_DATA                              0x08000b8f   Thumb Code    16  lcd.o(.text)
    LCD_WriteReg                             0x08000b9f   Thumb Code    14  lcd.o(.text)
    LCD_ReadReg                              0x08000bad   Thumb Code    22  lcd.o(.text)
    LCD_WriteRAM_Prepare                     0x08000bc3   Thumb Code    10  lcd.o(.text)
    LCD_WriteRAM                             0x08000bcd   Thumb Code     8  lcd.o(.text)
    LCD_BGR2RGB                              0x08000bd5   Thumb Code    26  lcd.o(.text)
    opt_delay                                0x08000bef   Thumb Code    14  lcd.o(.text)
    LCD_SetCursor                            0x08000bfd   Thumb Code   418  lcd.o(.text)
    LCD_ReadPoint                            0x08000d9f   Thumb Code   360  lcd.o(.text)
    LCD_DisplayOn                            0x08000f07   Thumb Code   102  lcd.o(.text)
    LCD_DisplayOff                           0x08000f6d   Thumb Code    90  lcd.o(.text)
    LCD_Scan_Dir                             0x08000fc7   Thumb Code   744  lcd.o(.text)
    LCD_DrawPoint                            0x080012af   Thumb Code    28  lcd.o(.text)
    LCD_Fast_DrawPoint                       0x080012cb   Thumb Code   388  lcd.o(.text)
    LCD_SSD_BackLightSet                     0x0800144f   Thumb Code    88  lcd.o(.text)
    LCD_Display_Dir                          0x080014a7   Thumb Code   444  lcd.o(.text)
    LCD_Set_Window                           0x08001663   Thumb Code   546  lcd.o(.text)
    LCD_Clear                                0x08001885   Thumb Code   100  lcd.o(.text)
    LCD_Init                                 0x080018e9   Thumb Code 14696  lcd.o(.text)
    LCD_Fill                                 0x08005251   Thumb Code   180  lcd.o(.text)
    LCD_Color_Fill                           0x08005305   Thumb Code   100  lcd.o(.text)
    LCD_DrawLine                             0x08005369   Thumb Code   176  lcd.o(.text)
    LCD_DrawRectangle                        0x08005419   Thumb Code    60  lcd.o(.text)
    LCD_Draw_Circle                          0x08005455   Thumb Code   152  lcd.o(.text)
    LCD_ShowChar                             0x080054ed   Thumb Code   272  lcd.o(.text)
    LCD_Pow                                  0x080055fd   Thumb Code    22  lcd.o(.text)
    LCD_ShowNum                              0x08005613   Thumb Code   148  lcd.o(.text)
    LCD_ShowxNum                             0x080056a7   Thumb Code   220  lcd.o(.text)
    LCD_ShowString                           0x08005783   Thumb Code   102  lcd.o(.text)
    DCMI_IRQHandler                          0x080057e9   Thumb Code    34  dcmi.o(.text)
    DCMI_DMA_Init                            0x0800580b   Thumb Code   102  dcmi.o(.text)
    My_DCMI_Init                             0x08005871   Thumb Code   280  dcmi.o(.text)
    DCMI_Start                               0x08005989   Thumb Code    18  dcmi.o(.text)
    DCMI_Stop                                0x0800599b   Thumb Code    34  dcmi.o(.text)
    DCMI_Set_Window                          0x080059bd   Thumb Code    74  dcmi.o(.text)
    DCMI_CR_Set                              0x08005a07   Thumb Code    58  dcmi.o(.text)
    OV2640_Init                              0x08005a61   Thumb Code   232  ov2640.o(.text)
    OV2640_JPEG_Mode                         0x08005b49   Thumb Code    66  ov2640.o(.text)
    OV2640_RGB565_Mode                       0x08005b8b   Thumb Code    36  ov2640.o(.text)
    OV2640_YUV422_Mode                       0x08005baf   Thumb Code    20  ov2640.o(.text)
    OV2640_Auto_Exposure                     0x08005bc3   Thumb Code    40  ov2640.o(.text)
    OV2640_Light_Mode                        0x08005beb   Thumb Code   118  ov2640.o(.text)
    OV2640_Color_Saturation                  0x08005c61   Thumb Code    64  ov2640.o(.text)
    OV2640_Brightness                        0x08005ca1   Thumb Code    56  ov2640.o(.text)
    OV2640_Contrast                          0x08005cd9   Thumb Code   116  ov2640.o(.text)
    OV2640_Special_Effects                   0x08005d4d   Thumb Code   122  ov2640.o(.text)
    OV2640_Color_Bar                         0x08005dc7   Thumb Code    40  ov2640.o(.text)
    OV2640_Window_Set                        0x08005def   Thumb Code   214  ov2640.o(.text)
    OV2640_OutSize_Set                       0x08005ec5   Thumb Code   136  ov2640.o(.text)
    OV2640_ImageWin_Set                      0x08005f4d   Thumb Code   188  ov2640.o(.text)
    OV2640_ImageSize_Set                     0x08006009   Thumb Code    80  ov2640.o(.text)
    SCCB_Init                                0x08006059   Thumb Code    78  sccb.o(.text)
    SCCB_Start                               0x080060a7   Thumb Code    42  sccb.o(.text)
    SCCB_Stop                                0x080060d1   Thumb Code    42  sccb.o(.text)
    SCCB_No_Ack                              0x080060fb   Thumb Code    56  sccb.o(.text)
    SCCB_WR_Byte                             0x08006133   Thumb Code   154  sccb.o(.text)
    SCCB_RD_Byte                             0x080061cd   Thumb Code   104  sccb.o(.text)
    SCCB_WR_Reg                              0x08006235   Thumb Code    62  sccb.o(.text)
    SCCB_RD_Reg                              0x08006273   Thumb Code    78  sccb.o(.text)
    usart2_init                              0x080062cd   Thumb Code   124  usart2.o(.text)
    TIM3_Int_Init                            0x08006351   Thumb Code    88  timer.o(.text)
    TIM14_PWM_Init                           0x080063ad   Thumb Code   152  pwm.o(.text)
    TIM11_PWM_Init                           0x08006445   Thumb Code   150  pwm.o(.text)
    delay_init                               0x080064e9   Thumb Code    52  delay.o(.text)
    delay_us                                 0x0800651d   Thumb Code    72  delay.o(.text)
    delay_xms                                0x08006565   Thumb Code    72  delay.o(.text)
    delay_ms                                 0x080065ad   Thumb Code    56  delay.o(.text)
    _sys_exit                                0x080065ed   Thumb Code     4  usart.o(.text)
    fputc                                    0x080065f1   Thumb Code    22  usart.o(.text)
    uart_init                                0x08006607   Thumb Code   164  usart.o(.text)
    USART1_IRQHandler                        0x080066ab   Thumb Code   122  usart.o(.text)
    Reset_Handler                            0x08006735   Thumb Code     8  startup_stm32f40_41xxx.o(.text)
    ADC_IRQHandler                           0x0800674f   Thumb Code     0  startup_stm32f40_41xxx.o(.text)
    CAN1_RX0_IRQHandler                      0x0800674f   Thumb Code     0  startup_stm32f40_41xxx.o(.text)
    CAN1_RX1_IRQHandler                      0x0800674f   Thumb Code     0  startup_stm32f40_41xxx.o(.text)
    CAN1_SCE_IRQHandler                      0x0800674f   Thumb Code     0  startup_stm32f40_41xxx.o(.text)
    CAN1_TX_IRQHandler                       0x0800674f   Thumb Code     0  startup_stm32f40_41xxx.o(.text)
    CAN2_RX0_IRQHandler                      0x0800674f   Thumb Code     0  startup_stm32f40_41xxx.o(.text)
    CAN2_RX1_IRQHandler                      0x0800674f   Thumb Code     0  startup_stm32f40_41xxx.o(.text)
    CAN2_SCE_IRQHandler                      0x0800674f   Thumb Code     0  startup_stm32f40_41xxx.o(.text)
    CAN2_TX_IRQHandler                       0x0800674f   Thumb Code     0  startup_stm32f40_41xxx.o(.text)
    CRYP_IRQHandler                          0x0800674f   Thumb Code     0  startup_stm32f40_41xxx.o(.text)
    DMA1_Stream0_IRQHandler                  0x0800674f   Thumb Code     0  startup_stm32f40_41xxx.o(.text)
    DMA1_Stream1_IRQHandler                  0x0800674f   Thumb Code     0  startup_stm32f40_41xxx.o(.text)
    DMA1_Stream2_IRQHandler                  0x0800674f   Thumb Code     0  startup_stm32f40_41xxx.o(.text)
    DMA1_Stream3_IRQHandler                  0x0800674f   Thumb Code     0  startup_stm32f40_41xxx.o(.text)
    DMA1_Stream4_IRQHandler                  0x0800674f   Thumb Code     0  startup_stm32f40_41xxx.o(.text)
    DMA1_Stream5_IRQHandler                  0x0800674f   Thumb Code     0  startup_stm32f40_41xxx.o(.text)
    DMA1_Stream6_IRQHandler                  0x0800674f   Thumb Code     0  startup_stm32f40_41xxx.o(.text)
    DMA1_Stream7_IRQHandler                  0x0800674f   Thumb Code     0  startup_stm32f40_41xxx.o(.text)
    DMA2_Stream0_IRQHandler                  0x0800674f   Thumb Code     0  startup_stm32f40_41xxx.o(.text)
    DMA2_Stream1_IRQHandler                  0x0800674f   Thumb Code     0  startup_stm32f40_41xxx.o(.text)
    DMA2_Stream2_IRQHandler                  0x0800674f   Thumb Code     0  startup_stm32f40_41xxx.o(.text)
    DMA2_Stream3_IRQHandler                  0x0800674f   Thumb Code     0  startup_stm32f40_41xxx.o(.text)
    DMA2_Stream4_IRQHandler                  0x0800674f   Thumb Code     0  startup_stm32f40_41xxx.o(.text)
    DMA2_Stream5_IRQHandler                  0x0800674f   Thumb Code     0  startup_stm32f40_41xxx.o(.text)
    DMA2_Stream6_IRQHandler                  0x0800674f   Thumb Code     0  startup_stm32f40_41xxx.o(.text)
    DMA2_Stream7_IRQHandler                  0x0800674f   Thumb Code     0  startup_stm32f40_41xxx.o(.text)
    ETH_IRQHandler                           0x0800674f   Thumb Code     0  startup_stm32f40_41xxx.o(.text)
    ETH_WKUP_IRQHandler                      0x0800674f   Thumb Code     0  startup_stm32f40_41xxx.o(.text)
    EXTI0_IRQHandler                         0x0800674f   Thumb Code     0  startup_stm32f40_41xxx.o(.text)
    EXTI15_10_IRQHandler                     0x0800674f   Thumb Code     0  startup_stm32f40_41xxx.o(.text)
    EXTI1_IRQHandler                         0x0800674f   Thumb Code     0  startup_stm32f40_41xxx.o(.text)
    EXTI2_IRQHandler                         0x0800674f   Thumb Code     0  startup_stm32f40_41xxx.o(.text)
    EXTI3_IRQHandler                         0x0800674f   Thumb Code     0  startup_stm32f40_41xxx.o(.text)
    EXTI4_IRQHandler                         0x0800674f   Thumb Code     0  startup_stm32f40_41xxx.o(.text)
    EXTI9_5_IRQHandler                       0x0800674f   Thumb Code     0  startup_stm32f40_41xxx.o(.text)
    FLASH_IRQHandler                         0x0800674f   Thumb Code     0  startup_stm32f40_41xxx.o(.text)
    FPU_IRQHandler                           0x0800674f   Thumb Code     0  startup_stm32f40_41xxx.o(.text)
    FSMC_IRQHandler                          0x0800674f   Thumb Code     0  startup_stm32f40_41xxx.o(.text)
    HASH_RNG_IRQHandler                      0x0800674f   Thumb Code     0  startup_stm32f40_41xxx.o(.text)
    I2C1_ER_IRQHandler                       0x0800674f   Thumb Code     0  startup_stm32f40_41xxx.o(.text)
    I2C1_EV_IRQHandler                       0x0800674f   Thumb Code     0  startup_stm32f40_41xxx.o(.text)
    I2C2_ER_IRQHandler                       0x0800674f   Thumb Code     0  startup_stm32f40_41xxx.o(.text)
    I2C2_EV_IRQHandler                       0x0800674f   Thumb Code     0  startup_stm32f40_41xxx.o(.text)
    I2C3_ER_IRQHandler                       0x0800674f   Thumb Code     0  startup_stm32f40_41xxx.o(.text)
    I2C3_EV_IRQHandler                       0x0800674f   Thumb Code     0  startup_stm32f40_41xxx.o(.text)
    OTG_FS_IRQHandler                        0x0800674f   Thumb Code     0  startup_stm32f40_41xxx.o(.text)
    OTG_FS_WKUP_IRQHandler                   0x0800674f   Thumb Code     0  startup_stm32f40_41xxx.o(.text)
    OTG_HS_EP1_IN_IRQHandler                 0x0800674f   Thumb Code     0  startup_stm32f40_41xxx.o(.text)
    OTG_HS_EP1_OUT_IRQHandler                0x0800674f   Thumb Code     0  startup_stm32f40_41xxx.o(.text)
    OTG_HS_IRQHandler                        0x0800674f   Thumb Code     0  startup_stm32f40_41xxx.o(.text)
    OTG_HS_WKUP_IRQHandler                   0x0800674f   Thumb Code     0  startup_stm32f40_41xxx.o(.text)
    PVD_IRQHandler                           0x0800674f   Thumb Code     0  startup_stm32f40_41xxx.o(.text)
    RCC_IRQHandler                           0x0800674f   Thumb Code     0  startup_stm32f40_41xxx.o(.text)
    RTC_Alarm_IRQHandler                     0x0800674f   Thumb Code     0  startup_stm32f40_41xxx.o(.text)
    RTC_WKUP_IRQHandler                      0x0800674f   Thumb Code     0  startup_stm32f40_41xxx.o(.text)
    SDIO_IRQHandler                          0x0800674f   Thumb Code     0  startup_stm32f40_41xxx.o(.text)
    SPI1_IRQHandler                          0x0800674f   Thumb Code     0  startup_stm32f40_41xxx.o(.text)
    SPI2_IRQHandler                          0x0800674f   Thumb Code     0  startup_stm32f40_41xxx.o(.text)
    SPI3_IRQHandler                          0x0800674f   Thumb Code     0  startup_stm32f40_41xxx.o(.text)
    TAMP_STAMP_IRQHandler                    0x0800674f   Thumb Code     0  startup_stm32f40_41xxx.o(.text)
    TIM1_BRK_TIM9_IRQHandler                 0x0800674f   Thumb Code     0  startup_stm32f40_41xxx.o(.text)
    TIM1_CC_IRQHandler                       0x0800674f   Thumb Code     0  startup_stm32f40_41xxx.o(.text)
    TIM1_TRG_COM_TIM11_IRQHandler            0x0800674f   Thumb Code     0  startup_stm32f40_41xxx.o(.text)
    TIM1_UP_TIM10_IRQHandler                 0x0800674f   Thumb Code     0  startup_stm32f40_41xxx.o(.text)
    TIM2_IRQHandler                          0x0800674f   Thumb Code     0  startup_stm32f40_41xxx.o(.text)
    TIM5_IRQHandler                          0x0800674f   Thumb Code     0  startup_stm32f40_41xxx.o(.text)
    TIM6_DAC_IRQHandler                      0x0800674f   Thumb Code     0  startup_stm32f40_41xxx.o(.text)
    TIM7_IRQHandler                          0x0800674f   Thumb Code     0  startup_stm32f40_41xxx.o(.text)
    TIM8_BRK_TIM12_IRQHandler                0x0800674f   Thumb Code     0  startup_stm32f40_41xxx.o(.text)
    TIM8_CC_IRQHandler                       0x0800674f   Thumb Code     0  startup_stm32f40_41xxx.o(.text)
    TIM8_TRG_COM_TIM14_IRQHandler            0x0800674f   Thumb Code     0  startup_stm32f40_41xxx.o(.text)
    TIM8_UP_TIM13_IRQHandler                 0x0800674f   Thumb Code     0  startup_stm32f40_41xxx.o(.text)
    UART4_IRQHandler                         0x0800674f   Thumb Code     0  startup_stm32f40_41xxx.o(.text)
    UART5_IRQHandler                         0x0800674f   Thumb Code     0  startup_stm32f40_41xxx.o(.text)
    USART2_IRQHandler                        0x0800674f   Thumb Code     0  startup_stm32f40_41xxx.o(.text)
    USART3_IRQHandler                        0x0800674f   Thumb Code     0  startup_stm32f40_41xxx.o(.text)
    USART6_IRQHandler                        0x0800674f   Thumb Code     0  startup_stm32f40_41xxx.o(.text)
    WWDG_IRQHandler                          0x0800674f   Thumb Code     0  startup_stm32f40_41xxx.o(.text)
    __user_initial_stackheap                 0x08006751   Thumb Code     0  startup_stm32f40_41xxx.o(.text)
    NVIC_PriorityGroupConfig                 0x08006775   Thumb Code    10  misc.o(.text)
    NVIC_Init                                0x0800677f   Thumb Code   106  misc.o(.text)
    NVIC_SetVectorTable                      0x080067e9   Thumb Code    14  misc.o(.text)
    NVIC_SystemLPConfig                      0x080067f7   Thumb Code    34  misc.o(.text)
    SysTick_CLKSourceConfig                  0x08006819   Thumb Code    40  misc.o(.text)
    DCMI_DeInit                              0x08006855   Thumb Code    24  stm32f4xx_dcmi.o(.text)
    DCMI_Init                                0x0800686d   Thumb Code    60  stm32f4xx_dcmi.o(.text)
    DCMI_StructInit                          0x080068a9   Thumb Code    18  stm32f4xx_dcmi.o(.text)
    DCMI_CROPConfig                          0x080068bb   Thumb Code    26  stm32f4xx_dcmi.o(.text)
    DCMI_CROPCmd                             0x080068d5   Thumb Code    30  stm32f4xx_dcmi.o(.text)
    DCMI_SetEmbeddedSynchroCodes             0x080068f3   Thumb Code    26  stm32f4xx_dcmi.o(.text)
    DCMI_JPEGCmd                             0x0800690d   Thumb Code    30  stm32f4xx_dcmi.o(.text)
    DCMI_Cmd                                 0x0800692b   Thumb Code    30  stm32f4xx_dcmi.o(.text)
    DCMI_CaptureCmd                          0x08006949   Thumb Code    30  stm32f4xx_dcmi.o(.text)
    DCMI_ReadData                            0x08006967   Thumb Code     6  stm32f4xx_dcmi.o(.text)
    DCMI_ITConfig                            0x0800696d   Thumb Code    30  stm32f4xx_dcmi.o(.text)
    DCMI_GetFlagStatus                       0x0800698b   Thumb Code    46  stm32f4xx_dcmi.o(.text)
    DCMI_ClearFlag                           0x080069b9   Thumb Code     6  stm32f4xx_dcmi.o(.text)
    DCMI_GetITStatus                         0x080069bf   Thumb Code    24  stm32f4xx_dcmi.o(.text)
    DCMI_ClearITPendingBit                   0x080069d7   Thumb Code     6  stm32f4xx_dcmi.o(.text)
    GPIO_DeInit                              0x080069e1   Thumb Code   268  stm32f4xx_gpio.o(.text)
    GPIO_Init                                0x08006aed   Thumb Code   144  stm32f4xx_gpio.o(.text)
    GPIO_StructInit                          0x08006b7d   Thumb Code    18  stm32f4xx_gpio.o(.text)
    GPIO_PinLockConfig                       0x08006b8f   Thumb Code    34  stm32f4xx_gpio.o(.text)
    GPIO_ReadInputDataBit                    0x08006bb1   Thumb Code    18  stm32f4xx_gpio.o(.text)
    GPIO_ReadInputData                       0x08006bc3   Thumb Code     8  stm32f4xx_gpio.o(.text)
    GPIO_ReadOutputDataBit                   0x08006bcb   Thumb Code    18  stm32f4xx_gpio.o(.text)
    GPIO_ReadOutputData                      0x08006bdd   Thumb Code     8  stm32f4xx_gpio.o(.text)
    GPIO_SetBits                             0x08006be5   Thumb Code     4  stm32f4xx_gpio.o(.text)
    GPIO_ResetBits                           0x08006be9   Thumb Code     4  stm32f4xx_gpio.o(.text)
    GPIO_WriteBit                            0x08006bed   Thumb Code    10  stm32f4xx_gpio.o(.text)
    GPIO_Write                               0x08006bf7   Thumb Code     4  stm32f4xx_gpio.o(.text)
    GPIO_ToggleBits                          0x08006bfb   Thumb Code     8  stm32f4xx_gpio.o(.text)
    GPIO_PinAFConfig                         0x08006c03   Thumb Code    70  stm32f4xx_gpio.o(.text)
    FSMC_NORSRAMDeInit                       0x08006c75   Thumb Code    54  stm32f4xx_fsmc.o(.text)
    FSMC_NORSRAMInit                         0x08006cab   Thumb Code   230  stm32f4xx_fsmc.o(.text)
    FSMC_NORSRAMStructInit                   0x08006d91   Thumb Code    48  stm32f4xx_fsmc.o(.text)
    FSMC_NORSRAMCmd                          0x08006dc1   Thumb Code    46  stm32f4xx_fsmc.o(.text)
    FSMC_NANDDeInit                          0x08006def   Thumb Code    62  stm32f4xx_fsmc.o(.text)
    FSMC_NANDInit                            0x08006e2d   Thumb Code   132  stm32f4xx_fsmc.o(.text)
    FSMC_NANDStructInit                      0x08006eb1   Thumb Code    54  stm32f4xx_fsmc.o(.text)
    FSMC_NANDCmd                             0x08006ee7   Thumb Code    86  stm32f4xx_fsmc.o(.text)
    FSMC_NANDECCCmd                          0x08006f3d   Thumb Code    86  stm32f4xx_fsmc.o(.text)
    FSMC_GetECC                              0x08006f93   Thumb Code    24  stm32f4xx_fsmc.o(.text)
    FSMC_PCCARDDeInit                        0x08006fab   Thumb Code    36  stm32f4xx_fsmc.o(.text)
    FSMC_PCCARDInit                          0x08006fcf   Thumb Code   130  stm32f4xx_fsmc.o(.text)
    FSMC_PCCARDStructInit                    0x08007051   Thumb Code    60  stm32f4xx_fsmc.o(.text)
    FSMC_PCCARDCmd                           0x0800708d   Thumb Code    44  stm32f4xx_fsmc.o(.text)
    FSMC_ITConfig                            0x080070b9   Thumb Code   128  stm32f4xx_fsmc.o(.text)
    FSMC_GetFlagStatus                       0x08007139   Thumb Code    54  stm32f4xx_fsmc.o(.text)
    FSMC_ClearFlag                           0x0800716f   Thumb Code    74  stm32f4xx_fsmc.o(.text)
    FSMC_GetITStatus                         0x080071b9   Thumb Code    62  stm32f4xx_fsmc.o(.text)
    FSMC_ClearITPendingBit                   0x080071f7   Thumb Code    66  stm32f4xx_fsmc.o(.text)
    DMA_DeInit                               0x0800723d   Thumb Code   324  stm32f4xx_dma.o(.text)
    DMA_Init                                 0x08007381   Thumb Code    82  stm32f4xx_dma.o(.text)
    DMA_StructInit                           0x080073d3   Thumb Code    34  stm32f4xx_dma.o(.text)
    DMA_Cmd                                  0x080073f5   Thumb Code    22  stm32f4xx_dma.o(.text)
    DMA_PeriphIncOffsetSizeConfig            0x0800740b   Thumb Code    22  stm32f4xx_dma.o(.text)
    DMA_FlowControllerConfig                 0x08007421   Thumb Code    22  stm32f4xx_dma.o(.text)
    DMA_SetCurrDataCounter                   0x08007437   Thumb Code     4  stm32f4xx_dma.o(.text)
    DMA_GetCurrDataCounter                   0x0800743b   Thumb Code     8  stm32f4xx_dma.o(.text)
    DMA_DoubleBufferModeConfig               0x08007443   Thumb Code    24  stm32f4xx_dma.o(.text)
    DMA_DoubleBufferModeCmd                  0x0800745b   Thumb Code    22  stm32f4xx_dma.o(.text)
    DMA_MemoryTargetConfig                   0x08007471   Thumb Code    10  stm32f4xx_dma.o(.text)
    DMA_GetCurrentMemoryTarget               0x0800747b   Thumb Code    20  stm32f4xx_dma.o(.text)
    DMA_GetCmdStatus                         0x0800748f   Thumb Code    20  stm32f4xx_dma.o(.text)
    DMA_GetFIFOStatus                        0x080074a3   Thumb Code    12  stm32f4xx_dma.o(.text)
    DMA_GetFlagStatus                        0x080074af   Thumb Code    56  stm32f4xx_dma.o(.text)
    DMA_ClearFlag                            0x080074e7   Thumb Code    40  stm32f4xx_dma.o(.text)
    DMA_ITConfig                             0x0800750f   Thumb Code    58  stm32f4xx_dma.o(.text)
    DMA_GetITStatus                          0x08007549   Thumb Code    84  stm32f4xx_dma.o(.text)
    DMA_ClearITPendingBit                    0x0800759d   Thumb Code    40  stm32f4xx_dma.o(.text)
    RCC_DeInit                               0x080075e5   Thumb Code    82  stm32f4xx_rcc.o(.text)
    RCC_HSEConfig                            0x08007637   Thumb Code    14  stm32f4xx_rcc.o(.text)
    RCC_GetFlagStatus                        0x08007645   Thumb Code    60  stm32f4xx_rcc.o(.text)
    RCC_WaitForHSEStartUp                    0x08007681   Thumb Code    56  stm32f4xx_rcc.o(.text)
    RCC_AdjustHSICalibrationValue            0x080076b9   Thumb Code    20  stm32f4xx_rcc.o(.text)
    RCC_HSICmd                               0x080076cd   Thumb Code     6  stm32f4xx_rcc.o(.text)
    RCC_LSEConfig                            0x080076d3   Thumb Code    46  stm32f4xx_rcc.o(.text)
    RCC_LSICmd                               0x08007701   Thumb Code     6  stm32f4xx_rcc.o(.text)
    RCC_PLLConfig                            0x08007707   Thumb Code    32  stm32f4xx_rcc.o(.text)
    RCC_PLLCmd                               0x08007727   Thumb Code     6  stm32f4xx_rcc.o(.text)
    RCC_PLLI2SConfig                         0x0800772d   Thumb Code    14  stm32f4xx_rcc.o(.text)
    RCC_PLLI2SCmd                            0x0800773b   Thumb Code     6  stm32f4xx_rcc.o(.text)
    RCC_PLLSAIConfig                         0x08007741   Thumb Code    20  stm32f4xx_rcc.o(.text)
    RCC_PLLSAICmd                            0x08007755   Thumb Code     6  stm32f4xx_rcc.o(.text)
    RCC_ClockSecuritySystemCmd               0x0800775b   Thumb Code     6  stm32f4xx_rcc.o(.text)
    RCC_MCO1Config                           0x08007761   Thumb Code    28  stm32f4xx_rcc.o(.text)
    RCC_MCO2Config                           0x0800777d   Thumb Code    28  stm32f4xx_rcc.o(.text)
    RCC_SYSCLKConfig                         0x08007799   Thumb Code    20  stm32f4xx_rcc.o(.text)
    RCC_GetSYSCLKSource                      0x080077ad   Thumb Code    12  stm32f4xx_rcc.o(.text)
    RCC_HCLKConfig                           0x080077b9   Thumb Code    20  stm32f4xx_rcc.o(.text)
    RCC_PCLK1Config                          0x080077cd   Thumb Code    20  stm32f4xx_rcc.o(.text)
    RCC_PCLK2Config                          0x080077e1   Thumb Code    22  stm32f4xx_rcc.o(.text)
    RCC_GetClocksFreq                        0x080077f7   Thumb Code   222  stm32f4xx_rcc.o(.text)
    RCC_RTCCLKConfig                         0x080078d5   Thumb Code    54  stm32f4xx_rcc.o(.text)
    RCC_RTCCLKCmd                            0x0800790b   Thumb Code     8  stm32f4xx_rcc.o(.text)
    RCC_BackupResetCmd                       0x08007913   Thumb Code     8  stm32f4xx_rcc.o(.text)
    RCC_I2SCLKConfig                         0x0800791b   Thumb Code     6  stm32f4xx_rcc.o(.text)
    RCC_SAIPLLI2SClkDivConfig                0x08007921   Thumb Code    26  stm32f4xx_rcc.o(.text)
    RCC_SAIPLLSAIClkDivConfig                0x0800793b   Thumb Code    28  stm32f4xx_rcc.o(.text)
    RCC_SAIBlockACLKConfig                   0x08007957   Thumb Code    20  stm32f4xx_rcc.o(.text)
    RCC_SAIBlockBCLKConfig                   0x0800796b   Thumb Code    20  stm32f4xx_rcc.o(.text)
    RCC_LTDCCLKDivConfig                     0x0800797f   Thumb Code    20  stm32f4xx_rcc.o(.text)
    RCC_TIMCLKPresConfig                     0x08007993   Thumb Code     6  stm32f4xx_rcc.o(.text)
    RCC_AHB1PeriphClockCmd                   0x08007999   Thumb Code    34  stm32f4xx_rcc.o(.text)
    RCC_AHB2PeriphClockCmd                   0x080079bb   Thumb Code    78  stm32f4xx_rcc.o(.text)
    RCC_AHB3PeriphClockCmd                   0x08007a09   Thumb Code    34  stm32f4xx_rcc.o(.text)
    RCC_APB1PeriphClockCmd                   0x08007a2b   Thumb Code    34  stm32f4xx_rcc.o(.text)
    RCC_APB2PeriphClockCmd                   0x08007a4d   Thumb Code    34  stm32f4xx_rcc.o(.text)
    RCC_AHB1PeriphResetCmd                   0x08007a6f   Thumb Code    34  stm32f4xx_rcc.o(.text)
    RCC_AHB2PeriphResetCmd                   0x08007a91   Thumb Code    34  stm32f4xx_rcc.o(.text)
    RCC_AHB3PeriphResetCmd                   0x08007ab3   Thumb Code    34  stm32f4xx_rcc.o(.text)
    RCC_APB1PeriphResetCmd                   0x08007ad5   Thumb Code    34  stm32f4xx_rcc.o(.text)
    RCC_APB2PeriphResetCmd                   0x08007af7   Thumb Code    34  stm32f4xx_rcc.o(.text)
    RCC_AHB1PeriphClockLPModeCmd             0x08007b19   Thumb Code    34  stm32f4xx_rcc.o(.text)
    RCC_AHB2PeriphClockLPModeCmd             0x08007b3b   Thumb Code    34  stm32f4xx_rcc.o(.text)
    RCC_AHB3PeriphClockLPModeCmd             0x08007b5d   Thumb Code    34  stm32f4xx_rcc.o(.text)
    RCC_APB1PeriphClockLPModeCmd             0x08007b7f   Thumb Code    34  stm32f4xx_rcc.o(.text)
    RCC_APB2PeriphClockLPModeCmd             0x08007ba1   Thumb Code    34  stm32f4xx_rcc.o(.text)
    RCC_LSEModeConfig                        0x08007bc3   Thumb Code    40  stm32f4xx_rcc.o(.text)
    RCC_ITConfig                             0x08007beb   Thumb Code    34  stm32f4xx_rcc.o(.text)
    RCC_ClearFlag                            0x08007c0d   Thumb Code    18  stm32f4xx_rcc.o(.text)
    RCC_GetITStatus                          0x08007c1f   Thumb Code    22  stm32f4xx_rcc.o(.text)
    RCC_ClearITPendingBit                    0x08007c35   Thumb Code     8  stm32f4xx_rcc.o(.text)
    USART_DeInit                             0x08007c41   Thumb Code   206  stm32f4xx_usart.o(.text)
    USART_Init                               0x08007d0f   Thumb Code   204  stm32f4xx_usart.o(.text)
    USART_StructInit                         0x08007ddb   Thumb Code    24  stm32f4xx_usart.o(.text)
    USART_ClockInit                          0x08007df3   Thumb Code    32  stm32f4xx_usart.o(.text)
    USART_ClockStructInit                    0x08007e13   Thumb Code    12  stm32f4xx_usart.o(.text)
    USART_Cmd                                0x08007e1f   Thumb Code    24  stm32f4xx_usart.o(.text)
    USART_SetPrescaler                       0x08007e37   Thumb Code    16  stm32f4xx_usart.o(.text)
    USART_OverSampling8Cmd                   0x08007e47   Thumb Code    22  stm32f4xx_usart.o(.text)
    USART_OneBitMethodCmd                    0x08007e5d   Thumb Code    24  stm32f4xx_usart.o(.text)
    USART_SendData                           0x08007e75   Thumb Code     8  stm32f4xx_usart.o(.text)
    USART_ReceiveData                        0x08007e7d   Thumb Code    10  stm32f4xx_usart.o(.text)
    USART_SetAddress                         0x08007e87   Thumb Code    18  stm32f4xx_usart.o(.text)
    USART_ReceiverWakeUpCmd                  0x08007e99   Thumb Code    24  stm32f4xx_usart.o(.text)
    USART_WakeUpConfig                       0x08007eb1   Thumb Code    18  stm32f4xx_usart.o(.text)
    USART_LINBreakDetectLengthConfig         0x08007ec3   Thumb Code    18  stm32f4xx_usart.o(.text)
    USART_LINCmd                             0x08007ed5   Thumb Code    24  stm32f4xx_usart.o(.text)
    USART_SendBreak                          0x08007eed   Thumb Code    10  stm32f4xx_usart.o(.text)
    USART_HalfDuplexCmd                      0x08007ef7   Thumb Code    24  stm32f4xx_usart.o(.text)
    USART_SetGuardTime                       0x08007f0f   Thumb Code    16  stm32f4xx_usart.o(.text)
    USART_SmartCardCmd                       0x08007f1f   Thumb Code    24  stm32f4xx_usart.o(.text)
    USART_SmartCardNACKCmd                   0x08007f37   Thumb Code    24  stm32f4xx_usart.o(.text)
    USART_IrDAConfig                         0x08007f4f   Thumb Code    18  stm32f4xx_usart.o(.text)
    USART_IrDACmd                            0x08007f61   Thumb Code    24  stm32f4xx_usart.o(.text)
    USART_DMACmd                             0x08007f79   Thumb Code    18  stm32f4xx_usart.o(.text)
    USART_ITConfig                           0x08007f8b   Thumb Code    74  stm32f4xx_usart.o(.text)
    USART_GetFlagStatus                      0x08007fd5   Thumb Code    26  stm32f4xx_usart.o(.text)
    USART_ClearFlag                          0x08007fef   Thumb Code    18  stm32f4xx_usart.o(.text)
    USART_GetITStatus                        0x08008001   Thumb Code   118  stm32f4xx_usart.o(.text)
    USART_ClearITPendingBit                  0x08008077   Thumb Code    30  stm32f4xx_usart.o(.text)
    TIM_DeInit                               0x08008095   Thumb Code   346  stm32f4xx_tim.o(.text)
    TIM_TimeBaseInit                         0x080081ef   Thumb Code   104  stm32f4xx_tim.o(.text)
    TIM_TimeBaseStructInit                   0x08008257   Thumb Code    18  stm32f4xx_tim.o(.text)
    TIM_PrescalerConfig                      0x08008269   Thumb Code     6  stm32f4xx_tim.o(.text)
    TIM_CounterModeConfig                    0x0800826f   Thumb Code    18  stm32f4xx_tim.o(.text)
    TIM_SetCounter                           0x08008281   Thumb Code     4  stm32f4xx_tim.o(.text)
    TIM_SetAutoreload                        0x08008285   Thumb Code     4  stm32f4xx_tim.o(.text)
    TIM_GetCounter                           0x08008289   Thumb Code     6  stm32f4xx_tim.o(.text)
    TIM_GetPrescaler                         0x0800828f   Thumb Code     6  stm32f4xx_tim.o(.text)
    TIM_UpdateDisableConfig                  0x08008295   Thumb Code    24  stm32f4xx_tim.o(.text)
    TIM_UpdateRequestConfig                  0x080082ad   Thumb Code    24  stm32f4xx_tim.o(.text)
    TIM_ARRPreloadConfig                     0x080082c5   Thumb Code    24  stm32f4xx_tim.o(.text)
    TIM_SelectOnePulseMode                   0x080082dd   Thumb Code    18  stm32f4xx_tim.o(.text)
    TIM_SetClockDivision                     0x080082ef   Thumb Code    18  stm32f4xx_tim.o(.text)
    TIM_Cmd                                  0x08008301   Thumb Code    24  stm32f4xx_tim.o(.text)
    TIM_OC1Init                              0x08008319   Thumb Code   114  stm32f4xx_tim.o(.text)
    TIM_OC2Init                              0x0800838b   Thumb Code   154  stm32f4xx_tim.o(.text)
    TIM_OC3Init                              0x08008425   Thumb Code   204  stm32f4xx_tim.o(.text)
    TIM_OC4Init                              0x080084f1   Thumb Code   112  stm32f4xx_tim.o(.text)
    TIM_OCStructInit                         0x08008561   Thumb Code    20  stm32f4xx_tim.o(.text)
    TIM_SelectOCxM                           0x08008575   Thumb Code    86  stm32f4xx_tim.o(.text)
    TIM_SetCompare1                          0x080085cb   Thumb Code     4  stm32f4xx_tim.o(.text)
    TIM_SetCompare2                          0x080085cf   Thumb Code     4  stm32f4xx_tim.o(.text)
    TIM_SetCompare3                          0x080085d3   Thumb Code     4  stm32f4xx_tim.o(.text)
    TIM_SetCompare4                          0x080085d7   Thumb Code     4  stm32f4xx_tim.o(.text)
    TIM_ForcedOC1Config                      0x080085db   Thumb Code    18  stm32f4xx_tim.o(.text)
    TIM_ForcedOC2Config                      0x080085ed   Thumb Code    26  stm32f4xx_tim.o(.text)
    TIM_ForcedOC3Config                      0x08008607   Thumb Code    18  stm32f4xx_tim.o(.text)
    TIM_ForcedOC4Config                      0x08008619   Thumb Code    26  stm32f4xx_tim.o(.text)
    TIM_OC1PreloadConfig                     0x08008633   Thumb Code    18  stm32f4xx_tim.o(.text)
    TIM_OC2PreloadConfig                     0x08008645   Thumb Code    26  stm32f4xx_tim.o(.text)
    TIM_OC3PreloadConfig                     0x0800865f   Thumb Code    18  stm32f4xx_tim.o(.text)
    TIM_OC4PreloadConfig                     0x08008671   Thumb Code    26  stm32f4xx_tim.o(.text)
    TIM_OC1FastConfig                        0x0800868b   Thumb Code    18  stm32f4xx_tim.o(.text)
    TIM_OC2FastConfig                        0x0800869d   Thumb Code    26  stm32f4xx_tim.o(.text)
    TIM_OC3FastConfig                        0x080086b7   Thumb Code    18  stm32f4xx_tim.o(.text)
    TIM_OC4FastConfig                        0x080086c9   Thumb Code    26  stm32f4xx_tim.o(.text)
    TIM_ClearOC1Ref                          0x080086e3   Thumb Code    18  stm32f4xx_tim.o(.text)
    TIM_ClearOC2Ref                          0x080086f5   Thumb Code    24  stm32f4xx_tim.o(.text)
    TIM_ClearOC3Ref                          0x0800870d   Thumb Code    18  stm32f4xx_tim.o(.text)
    TIM_ClearOC4Ref                          0x0800871f   Thumb Code    24  stm32f4xx_tim.o(.text)
    TIM_OC1PolarityConfig                    0x08008737   Thumb Code    18  stm32f4xx_tim.o(.text)
    TIM_OC1NPolarityConfig                   0x08008749   Thumb Code    18  stm32f4xx_tim.o(.text)
    TIM_OC2PolarityConfig                    0x0800875b   Thumb Code    26  stm32f4xx_tim.o(.text)
    TIM_OC2NPolarityConfig                   0x08008775   Thumb Code    26  stm32f4xx_tim.o(.text)
    TIM_OC3PolarityConfig                    0x0800878f   Thumb Code    26  stm32f4xx_tim.o(.text)
    TIM_OC3NPolarityConfig                   0x080087a9   Thumb Code    26  stm32f4xx_tim.o(.text)
    TIM_OC4PolarityConfig                    0x080087c3   Thumb Code    26  stm32f4xx_tim.o(.text)
    TIM_CCxCmd                               0x080087dd   Thumb Code    30  stm32f4xx_tim.o(.text)
    TIM_CCxNCmd                              0x080087fb   Thumb Code    30  stm32f4xx_tim.o(.text)
    TIM_SetIC4Prescaler                      0x08008819   Thumb Code    26  stm32f4xx_tim.o(.text)
    TIM_SetIC3Prescaler                      0x08008883   Thumb Code    18  stm32f4xx_tim.o(.text)
    TIM_SetIC2Prescaler                      0x080088dd   Thumb Code    26  stm32f4xx_tim.o(.text)
    TIM_SetIC1Prescaler                      0x08008951   Thumb Code    18  stm32f4xx_tim.o(.text)
    TIM_ICInit                               0x0800899d   Thumb Code   110  stm32f4xx_tim.o(.text)
    TIM_ICStructInit                         0x08008a0b   Thumb Code    18  stm32f4xx_tim.o(.text)
    TIM_PWMIConfig                           0x08008a1d   Thumb Code   124  stm32f4xx_tim.o(.text)
    TIM_GetCapture1                          0x08008a99   Thumb Code     6  stm32f4xx_tim.o(.text)
    TIM_GetCapture2                          0x08008a9f   Thumb Code     6  stm32f4xx_tim.o(.text)
    TIM_GetCapture3                          0x08008aa5   Thumb Code     6  stm32f4xx_tim.o(.text)
    TIM_GetCapture4                          0x08008aab   Thumb Code     6  stm32f4xx_tim.o(.text)
    TIM_BDTRConfig                           0x08008ab1   Thumb Code    32  stm32f4xx_tim.o(.text)
    TIM_BDTRStructInit                       0x08008ad1   Thumb Code    18  stm32f4xx_tim.o(.text)
    TIM_CtrlPWMOutputs                       0x08008ae3   Thumb Code    30  stm32f4xx_tim.o(.text)
    TIM_SelectCOM                            0x08008b01   Thumb Code    24  stm32f4xx_tim.o(.text)
    TIM_CCPreloadControl                     0x08008b19   Thumb Code    24  stm32f4xx_tim.o(.text)
    TIM_ITConfig                             0x08008b31   Thumb Code    18  stm32f4xx_tim.o(.text)
    TIM_GenerateEvent                        0x08008b43   Thumb Code     4  stm32f4xx_tim.o(.text)
    TIM_GetFlagStatus                        0x08008b47   Thumb Code    18  stm32f4xx_tim.o(.text)
    TIM_ClearFlag                            0x08008b59   Thumb Code     6  stm32f4xx_tim.o(.text)
    TIM_GetITStatus                          0x08008b5f   Thumb Code    34  stm32f4xx_tim.o(.text)
    TIM_ClearITPendingBit                    0x08008b81   Thumb Code     6  stm32f4xx_tim.o(.text)
    TIM_DMAConfig                            0x08008b87   Thumb Code    10  stm32f4xx_tim.o(.text)
    TIM_DMACmd                               0x08008b91   Thumb Code    18  stm32f4xx_tim.o(.text)
    TIM_SelectCCDMA                          0x08008ba3   Thumb Code    24  stm32f4xx_tim.o(.text)
    TIM_InternalClockConfig                  0x08008bbb   Thumb Code    12  stm32f4xx_tim.o(.text)
    TIM_SelectInputTrigger                   0x08008bc7   Thumb Code    18  stm32f4xx_tim.o(.text)
    TIM_ITRxExternalClockConfig              0x08008bd9   Thumb Code    24  stm32f4xx_tim.o(.text)
    TIM_TIxExternalClockConfig               0x08008bf1   Thumb Code    62  stm32f4xx_tim.o(.text)
    TIM_ETRConfig                            0x08008c2f   Thumb Code    28  stm32f4xx_tim.o(.text)
    TIM_ETRClockMode1Config                  0x08008c4b   Thumb Code    54  stm32f4xx_tim.o(.text)
    TIM_ETRClockMode2Config                  0x08008c81   Thumb Code    32  stm32f4xx_tim.o(.text)
    TIM_SelectOutputTrigger                  0x08008ca1   Thumb Code    18  stm32f4xx_tim.o(.text)
    TIM_SelectSlaveMode                      0x08008cb3   Thumb Code    18  stm32f4xx_tim.o(.text)
    TIM_SelectMasterSlaveMode                0x08008cc5   Thumb Code    18  stm32f4xx_tim.o(.text)
    TIM_EncoderInterfaceConfig               0x08008cd7   Thumb Code    66  stm32f4xx_tim.o(.text)
    TIM_SelectHallSensor                     0x08008d19   Thumb Code    24  stm32f4xx_tim.o(.text)
    TIM_RemapConfig                          0x08008d31   Thumb Code     6  stm32f4xx_tim.o(.text)
    usmart_sys_cmd_exe                       0x08008d39   Thumb Code  1554  usmart.o(.text)
    usmart_reset_runtime                     0x0800934b   Thumb Code    38  usmart.o(.text)
    usmart_get_runtime                       0x08009371   Thumb Code    60  usmart.o(.text)
    TIM4_IRQHandler                          0x080093ad   Thumb Code    46  usmart.o(.text)
    Timer4_Init                              0x080093db   Thumb Code    86  usmart.o(.text)
    usmart_init                              0x08009431   Thumb Code    36  usmart.o(.text)
    usmart_cmd_rec                           0x08009455   Thumb Code   170  usmart.o(.text)
    usmart_exe                               0x080094ff   Thumb Code   868  usmart.o(.text)
    usmart_scan                              0x08009863   Thumb Code   120  usmart.o(.text)
    read_addr                                0x080098db   Thumb Code     6  usmart.o(.text)
    write_addr                               0x080098e1   Thumb Code     4  usmart.o(.text)
    usmart_strcmp                            0x0800996d   Thumb Code    34  usmart_str.o(.text)
    usmart_strcopy                           0x0800998f   Thumb Code    22  usmart_str.o(.text)
    usmart_strlen                            0x080099a5   Thumb Code    24  usmart_str.o(.text)
    usmart_pow                               0x080099bd   Thumb Code    22  usmart_str.o(.text)
    usmart_str2num                           0x080099d3   Thumb Code   202  usmart_str.o(.text)
    usmart_get_cmdname                       0x08009a9d   Thumb Code    54  usmart_str.o(.text)
    usmart_search_nextc                      0x08009ad3   Thumb Code    22  usmart_str.o(.text)
    usmart_get_fname                         0x08009ae9   Thumb Code   440  usmart_str.o(.text)
    usmart_get_aparm                         0x08009ca1   Thumb Code   200  usmart_str.o(.text)
    usmart_get_parmpos                       0x08009d69   Thumb Code    26  usmart_str.o(.text)
    usmart_get_fparam                        0x08009d83   Thumb Code   262  usmart_str.o(.text)
    __use_no_semihosting                     0x08009e95   Thumb Code     2  use_no_semi_2.o(.text)
    __2printf                                0x08009e99   Thumb Code    20  noretval__2printf.o(.text)
    _printf_pre_padding                      0x08009eb1   Thumb Code    44  _printf_pad.o(.text)
    _printf_post_padding                     0x08009edd   Thumb Code    34  _printf_pad.o(.text)
    _printf_str                              0x08009eff   Thumb Code    82  _printf_str.o(.text)
    _printf_int_dec                          0x08009f51   Thumb Code   104  _printf_dec.o(.text)
    _printf_int_hex                          0x08009fc9   Thumb Code    84  _printf_hex_int.o(.text)
    _printf_longlong_hex                     0x08009fc9   Thumb Code     0  _printf_hex_int.o(.text)
    __printf                                 0x0800a021   Thumb Code   388  __printf_flags_ss_wp.o(.text)
    __use_two_region_memory                  0x0800a1a9   Thumb Code     2  heapauxi.o(.text)
    __rt_heap_escrow$2region                 0x0800a1ab   Thumb Code     2  heapauxi.o(.text)
    __rt_heap_expand$2region                 0x0800a1ad   Thumb Code     2  heapauxi.o(.text)
    __I$use$semihosting                      0x0800a1af   Thumb Code     0  use_no_semi.o(.text)
    __use_no_semihosting_swi                 0x0800a1af   Thumb Code     2  use_no_semi.o(.text)
    _printf_int_common                       0x0800a1b1   Thumb Code   178  _printf_intcommon.o(.text)
    _printf_cs_common                        0x0800a263   Thumb Code    20  _printf_char.o(.text)
    _printf_char                             0x0800a277   Thumb Code    16  _printf_char.o(.text)
    _printf_string                           0x0800a287   Thumb Code     8  _printf_char.o(.text)
    _printf_char_file                        0x0800a291   Thumb Code    32  _printf_char_file.o(.text)
    _printf_char_common                      0x0800a2bf   Thumb Code    32  _printf_char_common.o(.text)
    ferror                                   0x0800a2e5   Thumb Code     8  ferror.o(.text)
    __user_setup_stackheap                   0x0800a2ed   Thumb Code    74  sys_stackheap_outer.o(.text)
    exit                                     0x0800a337   Thumb Code    12  exit.o(.text)
    __user_libspace                          0x0800a345   Thumb Code     8  libspace.o(.text)
    __user_perproc_libspace                  0x0800a345   Thumb Code     0  libspace.o(.text)
    __user_perthread_libspace                0x0800a345   Thumb Code     0  libspace.o(.text)
    _is_digit                                0x0800a34d   Thumb Code    14  __printf_wp.o(i._is_digit)
    __aeabi_d2uiz                            0x0800a35d   Thumb Code     0  dfixu.o(x$fpl$dfixu)
    _dfixu                                   0x0800a35d   Thumb Code    90  dfixu.o(x$fpl$dfixu)
    __aeabi_ui2d                             0x0800a3b7   Thumb Code     0  dflt_clz.o(x$fpl$dfltu)
    _dfltu                                   0x0800a3b7   Thumb Code    38  dflt_clz.o(x$fpl$dfltu)
    __aeabi_dmul                             0x0800a3dd   Thumb Code     0  dmul.o(x$fpl$dmul)
    _dmul                                    0x0800a3dd   Thumb Code   332  dmul.o(x$fpl$dmul)
    __fpl_dnaninf                            0x0800a531   Thumb Code   156  dnaninf.o(x$fpl$dnaninf)
    __fpl_dretinf                            0x0800a5cd   Thumb Code    12  dretinf.o(x$fpl$dretinf)
    _fp_init                                 0x0800a5d9   Thumb Code    10  fpinit.o(x$fpl$fpinit)
    __fplib_config_fpu_vfp                   0x0800a5e1   Thumb Code     0  fpinit.o(x$fpl$fpinit)
    __fplib_config_pureend_doubles           0x0800a5e1   Thumb Code     0  fpinit.o(x$fpl$fpinit)
    __I$use$fp                               0x0800a5e2   Number         0  usenofp.o(x$fpl$usenofp)
    asc2_1206                                0x0800a5e2   Data        1140  lcd.o(.constdata)
    asc2_1608                                0x0800aa56   Data        1520  lcd.o(.constdata)
    asc2_2412                                0x0800b046   Data        3420  lcd.o(.constdata)
    ov2640_sxga_init_reg_tbl                 0x0800bda2   Data         356  ov2640.o(.constdata)
    ov2640_svga_init_reg_tbl                 0x0800bf06   Data         354  ov2640.o(.constdata)
    OV2640_400X300_60D0                      0x0800c068   Data          88  ov2640.o(.constdata)
    ov2640_jpeg_reg_tbl                      0x0800c0c0   Data          14  ov2640.o(.constdata)
    ov2640_rgb565_reg_tbl                    0x0800c0ce   Data          28  ov2640.o(.constdata)
    ov2640_yuv422_reg_tbl                    0x0800c0ea   Data          16  ov2640.o(.constdata)
    FSMC_DefaultTimingStruct                 0x0800c124   Data          28  stm32f4xx_fsmc.o(.constdata)
    Region$$Table$$Base                      0x0800c4b8   Number         0  anon$$obj.o(Region$$Table)
    Region$$Table$$Limit                     0x0800c4d8   Number         0  anon$$obj.o(Region$$Table)
    gray                                     0x20000004   Data           2  main.o(.data)
    hang                                     0x20000006   Data           2  main.o(.data)
    X_MAX                                    0x20000008   Data           1  main.o(.data)
    Y_MAX                                    0x20000009   Data           1  main.o(.data)
    X_MAX_LSAT                               0x2000000a   Data           1  main.o(.data)
    X_MIN_LSAT                               0x2000000b   Data           1  main.o(.data)
    Y_MAX_LSAT                               0x2000000c   Data           1  main.o(.data)
    Y_MIN_LSAT                               0x2000000d   Data           1  main.o(.data)
    X                                        0x2000000e   Data           1  main.o(.data)
    Y                                        0x2000000f   Data           1  main.o(.data)
    X_MIN                                    0x20000010   Data           1  main.o(.data)
    Y_MIN                                    0x20000011   Data           1  main.o(.data)
    PWM_X                                    0x20000014   Data           4  main.o(.data)
    PWM_Y                                    0x20000018   Data           4  main.o(.data)
    Err_X                                    0x2000001c   Data           4  main.o(.data)
    Err_Y                                    0x20000020   Data           4  main.o(.data)
    Err_X_LAST                               0x20000024   Data           4  main.o(.data)
    Err_Y_LAST                               0x20000028   Data           4  main.o(.data)
    Aim_X                                    0x2000002c   Data           4  main.o(.data)
    Aim_Y                                    0x20000030   Data           4  main.o(.data)
    Kp                                       0x20000034   Data           4  main.o(.data)
    Ki                                       0x20000038   Data           4  main.o(.data)
    Kd                                       0x2000003c   Data           4  main.o(.data)
    SystemCoreClock                          0x20000040   Data           4  system_stm32f4xx.o(.data)
    AHBPrescTable                            0x20000044   Data          16  system_stm32f4xx.o(.data)
    POINT_COLOR                              0x20000054   Data           2  lcd.o(.data)
    BACK_COLOR                               0x20000056   Data           2  lcd.o(.data)
    __stdout                                 0x2000005c   Data           4  usart.o(.data)
    USART_RX_STA                             0x20000060   Data           2  usart.o(.data)
    sys_cmd_tab                              0x20000074   Data          28  usmart.o(.data)
    usmart_nametab                           0x20000090   Data         168  usmart_config.o(.data)
    usmart_dev                               0x20000138   Data         244  usmart_config.o(.data)
    rgb_buf                                  0x2000022c   Data       50688  main.o(.bss)
    lcddev                                   0x2000c82c   Data          14  lcd.o(.bss)
    DCMI_InitStructure                       0x2000c83a   Data          14  dcmi.o(.bss)
    USART_RX_BUF                             0x2000c848   Data         200  usart.o(.bss)
    __libspace_start                         0x2000c910   Data          96  libspace.o(.bss)
    __temporary_stack_top$libspace           0x2000c970   Data           0  libspace.o(.bss)



==============================================================================

Memory Map of the image

  Image Entry point : 0x08000189

  Load Region LR_IROM1 (Base: 0x08000000, Size: 0x0000c704, Max: 0x00100000, ABSOLUTE, COMPRESSED[0x0000c5a8])

    Execution Region ER_IROM1 (Base: 0x08000000, Size: 0x0000c4d8, Max: 0x00100000, ABSOLUTE)

    Base Addr    Size         Type   Attr      Idx    E Section Name        Object

    0x08000000   0x00000188   Data   RO          547    RESET               startup_stm32f40_41xxx.o
    0x08000188   0x00000008   Code   RO          867  * !!!main             c_w.l(__main.o)
    0x08000190   0x00000034   Code   RO         1055    !!!scatter          c_w.l(__scatter.o)
    0x080001c4   0x0000005a   Code   RO         1053    !!dczerorl2         c_w.l(__dczerorl2.o)
    0x0800021e   0x00000002   PAD
    0x08000220   0x0000001c   Code   RO         1057    !!handler_zi        c_w.l(__scatter_zi.o)
    0x0800023c   0x00000000   Code   RO          864    .ARM.Collect$$_printf_percent$$00000000  c_w.l(_printf_percent.o)
    0x0800023c   0x00000006   Code   RO          862    .ARM.Collect$$_printf_percent$$00000009  c_w.l(_printf_d.o)
    0x08000242   0x00000006   Code   RO          863    .ARM.Collect$$_printf_percent$$0000000A  c_w.l(_printf_u.o)
    0x08000248   0x00000006   Code   RO          861    .ARM.Collect$$_printf_percent$$0000000C  c_w.l(_printf_x.o)
    0x0800024e   0x00000006   Code   RO          859    .ARM.Collect$$_printf_percent$$00000013  c_w.l(_printf_c.o)
    0x08000254   0x00000006   Code   RO          860    .ARM.Collect$$_printf_percent$$00000014  c_w.l(_printf_s.o)
    0x0800025a   0x00000004   Code   RO          890    .ARM.Collect$$_printf_percent$$00000017  c_w.l(_printf_percent_end.o)
    0x0800025e   0x00000002   Code   RO          928    .ARM.Collect$$libinit$$00000000  c_w.l(libinit.o)
    0x08000260   0x00000004   Code   RO          934    .ARM.Collect$$libinit$$00000001  c_w.l(libinit2.o)
    0x08000264   0x00000000   Code   RO          937    .ARM.Collect$$libinit$$00000004  c_w.l(libinit2.o)
    0x08000264   0x00000000   Code   RO          940    .ARM.Collect$$libinit$$0000000A  c_w.l(libinit2.o)
    0x08000264   0x00000000   Code   RO          942    .ARM.Collect$$libinit$$0000000C  c_w.l(libinit2.o)
    0x08000264   0x00000000   Code   RO          944    .ARM.Collect$$libinit$$0000000E  c_w.l(libinit2.o)
    0x08000264   0x00000000   Code   RO          947    .ARM.Collect$$libinit$$00000011  c_w.l(libinit2.o)
    0x08000264   0x00000000   Code   RO          949    .ARM.Collect$$libinit$$00000013  c_w.l(libinit2.o)
    0x08000264   0x00000000   Code   RO          951    .ARM.Collect$$libinit$$00000015  c_w.l(libinit2.o)
    0x08000264   0x00000000   Code   RO          953    .ARM.Collect$$libinit$$00000017  c_w.l(libinit2.o)
    0x08000264   0x00000000   Code   RO          955    .ARM.Collect$$libinit$$00000019  c_w.l(libinit2.o)
    0x08000264   0x00000000   Code   RO          957    .ARM.Collect$$libinit$$0000001B  c_w.l(libinit2.o)
    0x08000264   0x00000000   Code   RO          959    .ARM.Collect$$libinit$$0000001D  c_w.l(libinit2.o)
    0x08000264   0x00000000   Code   RO          961    .ARM.Collect$$libinit$$0000001F  c_w.l(libinit2.o)
    0x08000264   0x00000000   Code   RO          963    .ARM.Collect$$libinit$$00000021  c_w.l(libinit2.o)
    0x08000264   0x00000000   Code   RO          965    .ARM.Collect$$libinit$$00000023  c_w.l(libinit2.o)
    0x08000264   0x00000000   Code   RO          967    .ARM.Collect$$libinit$$00000025  c_w.l(libinit2.o)
    0x08000264   0x00000000   Code   RO          971    .ARM.Collect$$libinit$$0000002C  c_w.l(libinit2.o)
    0x08000264   0x00000000   Code   RO          973    .ARM.Collect$$libinit$$0000002E  c_w.l(libinit2.o)
    0x08000264   0x00000000   Code   RO          975    .ARM.Collect$$libinit$$00000030  c_w.l(libinit2.o)
    0x08000264   0x00000000   Code   RO          977    .ARM.Collect$$libinit$$00000032  c_w.l(libinit2.o)
    0x08000264   0x00000002   Code   RO          978    .ARM.Collect$$libinit$$00000033  c_w.l(libinit2.o)
    0x08000266   0x00000002   Code   RO          996    .ARM.Collect$$libshutdown$$00000000  c_w.l(libshutdown.o)
    0x08000268   0x00000000   Code   RO         1007    .ARM.Collect$$libshutdown$$00000003  c_w.l(libshutdown2.o)
    0x08000268   0x00000000   Code   RO         1010    .ARM.Collect$$libshutdown$$00000006  c_w.l(libshutdown2.o)
    0x08000268   0x00000000   Code   RO         1013    .ARM.Collect$$libshutdown$$00000009  c_w.l(libshutdown2.o)
    0x08000268   0x00000000   Code   RO         1015    .ARM.Collect$$libshutdown$$0000000B  c_w.l(libshutdown2.o)
    0x08000268   0x00000000   Code   RO         1018    .ARM.Collect$$libshutdown$$0000000E  c_w.l(libshutdown2.o)
    0x08000268   0x00000002   Code   RO         1019    .ARM.Collect$$libshutdown$$0000000F  c_w.l(libshutdown2.o)
    0x0800026a   0x00000000   Code   RO          883    .ARM.Collect$$rtentry$$00000000  c_w.l(__rtentry.o)
    0x0800026a   0x00000000   Code   RO          897    .ARM.Collect$$rtentry$$00000002  c_w.l(__rtentry2.o)
    0x0800026a   0x00000006   Code   RO          909    .ARM.Collect$$rtentry$$00000004  c_w.l(__rtentry4.o)
    0x08000270   0x00000000   Code   RO          899    .ARM.Collect$$rtentry$$00000009  c_w.l(__rtentry2.o)
    0x08000270   0x00000004   Code   RO          900    .ARM.Collect$$rtentry$$0000000A  c_w.l(__rtentry2.o)
    0x08000274   0x00000000   Code   RO          902    .ARM.Collect$$rtentry$$0000000C  c_w.l(__rtentry2.o)
    0x08000274   0x00000008   Code   RO          903    .ARM.Collect$$rtentry$$0000000D  c_w.l(__rtentry2.o)
    0x0800027c   0x00000002   Code   RO          932    .ARM.Collect$$rtexit$$00000000  c_w.l(rtexit.o)
    0x0800027e   0x00000000   Code   RO          980    .ARM.Collect$$rtexit$$00000002  c_w.l(rtexit2.o)
    0x0800027e   0x00000004   Code   RO          981    .ARM.Collect$$rtexit$$00000003  c_w.l(rtexit2.o)
    0x08000282   0x00000006   Code   RO          982    .ARM.Collect$$rtexit$$00000004  c_w.l(rtexit2.o)
    0x08000288   0x00000104   Code   RO            3    .text               key.o
    0x0800038c   0x00000570   Code   RO          143    .text               main.o
    0x080008fc   0x0000001a   Code   RO          212    .text               stm32f4xx_it.o
    0x08000916   0x00000002   PAD
    0x08000918   0x00000210   Code   RO          261    .text               system_stm32f4xx.o
    0x08000b28   0x00000040   Code   RO          287    .text               led.o
    0x08000b68   0x00004c80   Code   RO          307    .text               lcd.o
    0x080057e8   0x00000278   Code   RO          345    .text               dcmi.o
    0x08005a60   0x000005f8   Code   RO          369    .text               ov2640.o
    0x08006058   0x00000274   Code   RO          395    .text               sccb.o
    0x080062cc   0x00000084   Code   RO          415    .text               usart2.o
    0x08006350   0x0000005c   Code   RO          435    .text               timer.o
    0x080063ac   0x0000013c   Code   RO          456    .text               pwm.o
    0x080064e8   0x00000104   Code   RO          476    .text               delay.o
    0x080065ec   0x00000148   Code   RO          516    .text               usart.o
    0x08006734   0x00000040   Code   RO          548    .text               startup_stm32f40_41xxx.o
    0x08006774   0x000000e0   Code   RO          554    .text               misc.o
    0x08006854   0x0000018c   Code   RO          574    .text               stm32f4xx_dcmi.o
    0x080069e0   0x00000294   Code   RO          594    .text               stm32f4xx_gpio.o
    0x08006c74   0x000005c8   Code   RO          614    .text               stm32f4xx_fsmc.o
    0x0800723c   0x000003a8   Code   RO          637    .text               stm32f4xx_dma.o
    0x080075e4   0x0000065c   Code   RO          657    .text               stm32f4xx_rcc.o
    0x08007c40   0x00000454   Code   RO          699    .text               stm32f4xx_usart.o
    0x08008094   0x00000ca2   Code   RO          719    .text               stm32f4xx_tim.o
    0x08008d36   0x00000002   PAD
    0x08008d38   0x00000c34   Code   RO          739    .text               usmart.o
    0x0800996c   0x00000528   Code   RO          784    .text               usmart_str.o
    0x08009e94   0x00000002   Code   RO          804    .text               c_w.l(use_no_semi_2.o)
    0x08009e96   0x00000002   PAD
    0x08009e98   0x00000018   Code   RO          808    .text               c_w.l(noretval__2printf.o)
    0x08009eb0   0x0000004e   Code   RO          812    .text               c_w.l(_printf_pad.o)
    0x08009efe   0x00000052   Code   RO          814    .text               c_w.l(_printf_str.o)
    0x08009f50   0x00000078   Code   RO          816    .text               c_w.l(_printf_dec.o)
    0x08009fc8   0x00000058   Code   RO          821    .text               c_w.l(_printf_hex_int.o)
    0x0800a020   0x00000188   Code   RO          856    .text               c_w.l(__printf_flags_ss_wp.o)
    0x0800a1a8   0x00000006   Code   RO          865    .text               c_w.l(heapauxi.o)
    0x0800a1ae   0x00000002   Code   RO          881    .text               c_w.l(use_no_semi.o)
    0x0800a1b0   0x000000b2   Code   RO          884    .text               c_w.l(_printf_intcommon.o)
    0x0800a262   0x0000002c   Code   RO          886    .text               c_w.l(_printf_char.o)
    0x0800a28e   0x00000002   PAD
    0x0800a290   0x00000024   Code   RO          888    .text               c_w.l(_printf_char_file.o)
    0x0800a2b4   0x00000030   Code   RO          911    .text               c_w.l(_printf_char_common.o)
    0x0800a2e4   0x00000008   Code   RO          913    .text               c_w.l(ferror.o)
    0x0800a2ec   0x0000004a   Code   RO          917    .text               c_w.l(sys_stackheap_outer.o)
    0x0800a336   0x0000000c   Code   RO          921    .text               c_w.l(exit.o)
    0x0800a342   0x00000002   PAD
    0x0800a344   0x00000008   Code   RO          929    .text               c_w.l(libspace.o)
    0x0800a34c   0x0000000e   Code   RO          849    i._is_digit         c_w.l(__printf_wp.o)
    0x0800a35a   0x00000002   PAD
    0x0800a35c   0x0000005a   Code   RO          869    x$fpl$dfixu         fz_wm.l(dfixu.o)
    0x0800a3b6   0x00000026   Code   RO          873    x$fpl$dfltu         fz_wm.l(dflt_clz.o)
    0x0800a3dc   0x00000154   Code   RO          879    x$fpl$dmul          fz_wm.l(dmul.o)
    0x0800a530   0x0000009c   Code   RO          891    x$fpl$dnaninf       fz_wm.l(dnaninf.o)
    0x0800a5cc   0x0000000c   Code   RO          893    x$fpl$dretinf       fz_wm.l(dretinf.o)
    0x0800a5d8   0x0000000a   Code   RO          988    x$fpl$fpinit        fz_wm.l(fpinit.o)
    0x0800a5e2   0x00000000   Code   RO          895    x$fpl$usenofp       fz_wm.l(usenofp.o)
    0x0800a5e2   0x000017c0   Data   RO          309    .constdata          lcd.o
    0x0800bda2   0x00000380   Data   RO          370    .constdata          ov2640.o
    0x0800c122   0x00000002   PAD
    0x0800c124   0x0000001c   Data   RO          615    .constdata          stm32f4xx_fsmc.o
    0x0800c140   0x00000028   Data   RO          822    .constdata          c_w.l(_printf_hex_int.o)
    0x0800c168   0x00000011   Data   RO          857    .constdata          c_w.l(__printf_flags_ss_wp.o)
    0x0800c179   0x00000003   PAD
    0x0800c17c   0x00000028   Data   RO          740    .conststring        usmart.o
    0x0800c1a4   0x00000311   Data   RO          763    .conststring        usmart_config.o
    0x0800c4b5   0x00000003   PAD
    0x0800c4b8   0x00000020   Data   RO         1051    Region$$Table       anon$$obj.o


    Execution Region RW_IRAM1 (Base: 0x20000000, Size: 0x0000cf70, Max: 0x00020000, ABSOLUTE, COMPRESSED[0x000000d0])

    Base Addr    Size         Type   Attr      Idx    E Section Name        Object

    0x20000000   0x00000001   Data   RW            4    .data               key.o
    0x20000001   0x00000003   PAD
    0x20000004   0x0000003c   Data   RW          146    .data               main.o
    0x20000040   0x00000014   Data   RW          262    .data               system_stm32f4xx.o
    0x20000054   0x00000004   Data   RW          310    .data               lcd.o
    0x20000058   0x00000004   Data   RW          477    .data               delay.o
    0x2000005c   0x00000006   Data   RW          518    .data               usart.o
    0x20000062   0x00000010   Data   RW          658    .data               stm32f4xx_rcc.o
    0x20000072   0x00000002   PAD
    0x20000074   0x0000001c   Data   RW          741    .data               usmart.o
    0x20000090   0x0000019c   Data   RW          764    .data               usmart_config.o
    0x2000022c   0x0000c600   Zero   RW          144    .bss                main.o
    0x2000c82c   0x0000000e   Zero   RW          308    .bss                lcd.o
    0x2000c83a   0x0000000e   Zero   RW          346    .bss                dcmi.o
    0x2000c848   0x000000c8   Zero   RW          517    .bss                usart.o
    0x2000c910   0x00000060   Zero   RW          930    .bss                c_w.l(libspace.o)
    0x2000c970   0x00000200   Zero   RW          546    HEAP                startup_stm32f40_41xxx.o
    0x2000cb70   0x00000400   Zero   RW          545    STACK               startup_stm32f40_41xxx.o


==============================================================================

Image component sizes


      Code (inc. data)   RO Data    RW Data    ZI Data      Debug   Object Name

       632         32          0          0         14       2368   dcmi.o
       260          8          0          4          0       1457   delay.o
       260         12          0          1          0     306884   key.o
     19584        174       6080          4         14      22310   lcd.o
        64          4          0          0          0        535   led.o
      1392        258          0         60      50688       2983   main.o
       224         20          0          0          0       1837   misc.o
      1528         64        896          0          0       6136   ov2640.o
       316         14          0          0          0       1160   pwm.o
       628         12          0          0          0       2035   sccb.o
        64         26        392          0       1536        840   startup_stm32f40_41xxx.o
       396          4          0          0          0       3478   stm32f4xx_dcmi.o
       936         32          0          0          0       6313   stm32f4xx_dma.o
      1480         18         28          0          0       5646   stm32f4xx_fsmc.o
       660         44          0          0          0       4113   stm32f4xx_gpio.o
        26          0          0          0          0       1230   stm32f4xx_it.o
      1628         52          0         16          0      12912   stm32f4xx_rcc.o
      3234         60          0          0          0      22316   stm32f4xx_tim.o
      1108         34          0          0          0       7812   stm32f4xx_usart.o
       528         46          0         20          0       1807   system_stm32f4xx.o
        92          4          0          0          0        680   timer.o
       328         16          0          6        200       3314   usart.o
       132          8          0          0          0        730   usart2.o
      3124       1286         40         28          0       4394   usmart.o
         0          0        785        412          0       1572   usmart_config.o
      1320         12          0          0          0       5185   usmart_str.o

    ----------------------------------------------------------------------
     39948       2240       8258        556      52452     430047   Object Totals
         0          0         32          0          0          0   (incl. Generated)
         4          0          5          5          0          0   (incl. Padding)

    ----------------------------------------------------------------------

      Code (inc. data)   RO Data    RW Data    ZI Data      Debug   Library Member Name

        90          0          0          0          0          0   __dczerorl2.o
         8          0          0          0          0         68   __main.o
       392          4         17          0          0         92   __printf_flags_ss_wp.o
        14          0          0          0          0         68   __printf_wp.o
         0          0          0          0          0          0   __rtentry.o
        12          0          0          0          0          0   __rtentry2.o
         6          0          0          0          0          0   __rtentry4.o
        52          8          0          0          0          0   __scatter.o
        28          0          0          0          0          0   __scatter_zi.o
         6          0          0          0          0          0   _printf_c.o
        44          0          0          0          0        108   _printf_char.o
        48          6          0          0          0         96   _printf_char_common.o
        36          4          0          0          0         80   _printf_char_file.o
         6          0          0          0          0          0   _printf_d.o
       120         16          0          0          0         92   _printf_dec.o
        88          4         40          0          0         88   _printf_hex_int.o
       178          0          0          0          0         88   _printf_intcommon.o
        78          0          0          0          0        108   _printf_pad.o
         0          0          0          0          0          0   _printf_percent.o
         4          0          0          0          0          0   _printf_percent_end.o
         6          0          0          0          0          0   _printf_s.o
        82          0          0          0          0         80   _printf_str.o
         6          0          0          0          0          0   _printf_u.o
         6          0          0          0          0          0   _printf_x.o
        12          0          0          0          0         72   exit.o
         8          0          0          0          0         68   ferror.o
         6          0          0          0          0        152   heapauxi.o
         2          0          0          0          0          0   libinit.o
         6          0          0          0          0          0   libinit2.o
         2          0          0          0          0          0   libshutdown.o
         2          0          0          0          0          0   libshutdown2.o
         8          4          0          0         96         68   libspace.o
        24          4          0          0          0         84   noretval__2printf.o
         2          0          0          0          0          0   rtexit.o
        10          0          0          0          0          0   rtexit2.o
        74          0          0          0          0         80   sys_stackheap_outer.o
         2          0          0          0          0         68   use_no_semi.o
         2          0          0          0          0         68   use_no_semi_2.o
        90          4          0          0          0        140   dfixu.o
        38          0          0          0          0        116   dflt_clz.o
       340         12          0          0          0        152   dmul.o
       156          4          0          0          0        140   dnaninf.o
        12          0          0          0          0        116   dretinf.o
        10          0          0          0          0        116   fpinit.o
         0          0          0          0          0          0   usenofp.o

    ----------------------------------------------------------------------
      2126         70         60          0         96       2408   Library Totals
        10          0          3          0          0          0   (incl. Padding)

    ----------------------------------------------------------------------

      Code (inc. data)   RO Data    RW Data    ZI Data      Debug   Library Name

      1470         50         57          0         96       1628   c_w.l
       646         20          0          0          0        780   fz_wm.l

    ----------------------------------------------------------------------
      2126         70         60          0         96       2408   Library Totals

    ----------------------------------------------------------------------

==============================================================================


      Code (inc. data)   RO Data    RW Data    ZI Data      Debug   

     42074       2310       8318        556      52548     426375   Grand Totals
     42074       2310       8318        208      52548     426375   ELF Image Totals (compressed)
     42074       2310       8318        208          0          0   ROM Totals

==============================================================================

    Total RO  Size (Code + RO Data)                50392 (  49.21kB)
    Total RW  Size (RW Data + ZI Data)             53104 (  51.86kB)
    Total ROM Size (Code + RO Data + RW Data)      50600 (  49.41kB)

==============================================================================

